 hcaptha

 Timestamp is 5abb0a96 (Wed Mar 28 11:23:02 2018)

 Preferred load address is 0000000180000000

 Start         Length     Name                   Class
 0001:00000000 00000080H .text$di                CODE
 0001:00000080 0004e490H .text$mn                CODE
 0001:0004e510 00000020H .text$mn$00             CODE
 0001:0004e530 000016a0H .text$x                 CODE
 0001:0004fbd0 000001f1H .text$yd                CODE
 0002:00000000 000003c8H .idata$5                DATA
 0002:000003c8 00000010H .00cfg                  DATA
 0002:000003d8 00000008H .CRT$XCA                DATA
 0002:000003e0 00000018H .CRT$XCU                DATA
 0002:000003f8 00000008H .CRT$XCZ                DATA
 0002:00000400 00000008H .CRT$XIA                DATA
 0002:00000408 00000020H .CRT$XIC                DATA
 0002:00000428 00000008H .CRT$XIZ                DATA
 0002:00000430 00000008H .CRT$XLA                DATA
 0002:00000438 00000008H .CRT$XLZ                DATA
 0002:00000440 00000008H .CRT$XPA                DATA
 0002:00000448 00000010H .CRT$XPX                DATA
 0002:00000458 00000008H .CRT$XPXA               DATA
 0002:00000460 00000008H .CRT$XPZ                DATA
 0002:00000468 00000008H .CRT$XTA                DATA
 0002:00000470 00000010H .CRT$XTZ                DATA
 0002:00000480 00023308H .rdata                  DATA
 0002:00023788 00000028H .rdata$T                DATA
 0002:000237b0 00000404H .rdata$r                DATA
 0002:00023bb4 000004c4H .rdata$zzzdbg           DATA
 0002:00024078 00000008H .rtc$IAA                DATA
 0002:00024080 00000008H .rtc$IZZ                DATA
 0002:00024088 00000008H .rtc$TAA                DATA
 0002:00024090 00000010H .rtc$TZZ                DATA
 0002:000240a0 000040f8H .xdata                  DATA
 0002:00028198 000003ccH .xdata$x                DATA
 0002:00028564 00000020H .didat$2                DATA
 0002:00028584 00000024H .didat$3                DATA
 0002:000285a8 00000070H .didat$4                DATA
 0002:00028618 00000320H .didat$6                DATA
 0002:00028938 00000078H .didat$7                DATA
 0002:000289b0 00000054H .edata                  DATA
 0002:00028a04 00000050H .idata$2                DATA
 0002:00028a54 00000014H .idata$3                DATA
 0002:00028a68 000003c8H .idata$4                DATA
 0002:00028e30 0000088aH .idata$6                DATA
 0003:00000000 00000a80H .data                   DATA
 0003:00000a80 00000258H .data$r                 DATA
 0003:00000cd8 00000078H .didat$5                DATA
 0003:00000d50 000014d4H .bss                    DATA
 0004:00000000 000030ccH .pdata                  DATA
 0005:00000000 00000080H .gfids$x                DATA
 0005:00000080 00000060H .gfids$y                DATA
 0006:00000000 00000004H .tls                    DATA
 0006:00000004 00000004H .tls$                   DATA
 0006:00000008 00000001H .tls$ZZZ                DATA
 0007:00000000 00000060H .rsrc$01                DATA
 0007:00000060 00000180H .rsrc$02                DATA

  Address         Publics by Value              Rva+Base               Lib:Object

 0000:00000000       __dynamic_value_reloc_table 0000000000000000     <absolute>
 0000:00000000       __guard_longjmp_count      0000000000000000     <absolute>
 0000:00000000       __guard_fids_count         0000000000000000     <absolute>
 0000:00000000       __guard_iat_table          0000000000000000     <absolute>
 0000:00000000       ___safe_se_handler_table   0000000000000000     <absolute>
 0000:00000000       __guard_longjmp_table      0000000000000000     <absolute>
 0000:00000000       ___safe_se_handler_count   0000000000000000     <absolute>
 0000:00000000       __guard_iat_count          0000000000000000     <absolute>
 0000:00000000       __guard_fids_table         0000000000000000     <absolute>
 0000:00000100       __guard_flags              0000000000000100     <absolute>
 0000:00000000       __ImageBase                0000000180000000     <linker-defined>
 0001:00000080       ?NODE_SET_METHOD@node@@YAXV?$Local@VObject@v8@@@v8@@PEBDP6AXAEBV?$FunctionCallbackInfo@VValue@v8@@@3@@Z@Z 0000000180001080 f i hcaptha.obj
 0001:00000150       ?Init@@YAXV?$Local@VObject@v8@@@v8@@@Z 0000000180001150 f   hcaptha.obj
 0001:00000170       __local_stdio_printf_options 0000000180001170 f i cap.obj
 0001:00000180       __local_stdio_scanf_options 0000000180001180 f i cap.obj
 0001:00000190       fprintf                    0000000180001190 f i cap.obj
 0001:000001e0       sprintf                    00000001800011e0 f i cap.obj
 0001:00000240       _snprintf                  0000000180001240 f i cap.obj
 0001:000002a0       sscanf                     00000001800012a0 f i cap.obj
 0001:000002f0       ??0exception@stdext@@QEAA@AEBV01@@Z 00000001800012f0 f i cap.obj
 0001:00000310       ?what@exception@stdext@@UEBAPEBDXZ 0000000180001310 f i cap.obj
 0001:00000330       __except_validate_context_record 0000000180001330 f i libvcruntime:jbcxrval.obj
 0001:00000330       ?_Doraise@exception@stdext@@MEBAXXZ 0000000180001330 f i cap.obj
 0001:00000330       ??$destroy@PEAD@?$_Wrap_alloc@V?$allocator@D@std@@@std@@QEAAXPEAPEAD@Z 0000000180001330 f i cap.obj
 0001:00000330       _guard_check_icall_nop     0000000180001330 f i LIBCMT:guard_support.obj
 0001:00000330       ??1?$_String_alloc@U?$_String_base_types@DV?$allocator@D@std@@@std@@@std@@QEAA@XZ 0000000180001330 f i cap.obj
 0001:00000340       ??_Gexception@stdext@@UEAAPEAXI@Z 0000000180001340 f i cap.obj
 0001:00000340       ??_Eexception@stdext@@UEAAPEAXI@Z 0000000180001340 f i * CIL library *:* CIL module *
 0001:00000370       ?what@CImgException@cimg_library@@UEBAPEBDXZ 0000000180001370 f i cap.obj
 0001:00000380       ??_GCImgInstanceException@cimg_library@@UEAAPEAXI@Z 0000000180001380 f i cap.obj
 0001:00000380       ??_GCImgIOException@cimg_library@@UEAAPEAXI@Z 0000000180001380 f i cap.obj
 0001:00000380       ??_ECImgException@cimg_library@@UEAAPEAXI@Z 0000000180001380 f i * CIL library *:* CIL module *
 0001:00000380       ??_GCImgException@cimg_library@@UEAAPEAXI@Z 0000000180001380 f i cap.obj
 0001:00000380       ??_ECImgIOException@cimg_library@@UEAAPEAXI@Z 0000000180001380 f i * CIL library *:* CIL module *
 0001:00000380       ??_ECImgInstanceException@cimg_library@@UEAAPEAXI@Z 0000000180001380 f i * CIL library *:* CIL module *
 0001:00000380       ??_GCImgArgumentException@cimg_library@@UEAAPEAXI@Z 0000000180001380 f i cap.obj
 0001:00000380       ??_ECImgArgumentException@cimg_library@@UEAAPEAXI@Z 0000000180001380 f i * CIL library *:* CIL module *
 0001:000003b0       ??0CImgInstanceException@cimg_library@@QEAA@QEBDZZ 00000001800013b0 f i cap.obj
 0001:000004f0       ??1CImgInstanceException@cimg_library@@UEAA@XZ 00000001800014f0 f i cap.obj
 0001:000004f0       ??1CImgIOException@cimg_library@@UEAA@XZ 00000001800014f0 f i cap.obj
 0001:000004f0       ??1CImgArgumentException@cimg_library@@UEAA@XZ 00000001800014f0 f i cap.obj
 0001:00000500       ??0CImgArgumentException@cimg_library@@QEAA@QEBDZZ 0000000180001500 f i cap.obj
 0001:000005f0       ??0CImgIOException@cimg_library@@QEAA@QEBDZZ 00000001800015f0 f i cap.obj
 0001:000006e0       ?Win32_attr@cimg@cimg_library@@YAAEAUWin32_info@12@XZ 00000001800016e0 f i cap.obj
 0001:00000750       ?output@cimg@cimg_library@@YAPEAU_iobuf@@PEAU3@@Z 0000000180001750 f i cap.obj
 0001:000007c0       ?warn@cimg@cimg_library@@YAXQEBDZZ 00000001800017c0 f i cap.obj
 0001:000008a0       ?system@cimg@cimg_library@@YAHQEBD0@Z 00000001800018a0 f i cap.obj
 0001:00000970       ?_wait@cimg@cimg_library@@YAIIAEAK@Z 0000000180001970 f i cap.obj
 0001:00000a40       ?strncasecmp@cimg@cimg_library@@YAHQEBD0H@Z 0000000180001a40 f i cap.obj
 0001:00000ad0       ?strbuffersize@cimg@cimg_library@@YAPEBDK@Z 0000000180001ad0 f i cap.obj
 0001:00000b90       ?filenamerand@cimg@cimg_library@@YAPEBDXZ 0000000180001b90 f i cap.obj
 0001:00000cb0       ?winformat_string@cimg@cimg_library@@YAXQEAD@Z 0000000180001cb0 f i cap.obj
 0001:00000d10       ?fopen@cimg@cimg_library@@YAPEAU_iobuf@@QEBD0@Z 0000000180001d10 f i cap.obj
 0001:00000e60       ??0CImgArgumentException@cimg_library@@QEAA@AEBU01@@Z 0000000180001e60 f i cap.obj
 0001:00000e60       ??0CImgIOException@cimg_library@@QEAA@AEBU01@@Z 0000000180001e60 f i cap.obj
 0001:00000e60       ??0CImgInstanceException@cimg_library@@QEAA@AEBU01@@Z 0000000180001e60 f i cap.obj
 0001:00000f00       ??0CImgException@cimg_library@@QEAA@AEBU01@@Z 0000000180001f00 f i cap.obj
 0001:00000f90       ?fclose@cimg@cimg_library@@YAHPEAU_iobuf@@@Z 0000000180001f90 f i cap.obj
 0001:00001000       ?temporary_path@cimg@cimg_library@@YAPEBDQEBD_N@Z 0000000180002000 f i cap.obj
 0001:00001550       ?programfiles_path@cimg@cimg_library@@YAPEBDQEBD_N@Z 0000000180002550 f i cap.obj
 0001:00001600       ?imagemagick_path@cimg@cimg_library@@YAPEBDQEBD_N@Z 0000000180002600 f i cap.obj
 0001:00002020       ?graphicsmagick_path@cimg@cimg_library@@YAPEBDQEBD_N@Z 0000000180003020 f i cap.obj
 0001:00002a30       ?medcon_path@cimg@cimg_library@@YAPEBDQEBD_N@Z 0000000180003a30 f i cap.obj
 0001:00002b60       ?ffmpeg_path@cimg@cimg_library@@YAPEBDQEBD_N@Z 0000000180003b60 f i cap.obj
 0001:00002c30       ?gzip_path@cimg@cimg_library@@YAPEBDQEBD_N@Z 0000000180003c30 f i cap.obj
 0001:00002d00       ?split_filename@cimg@cimg_library@@YAPEBDQEBDQEAD@Z 0000000180003d00 f i cap.obj
 0001:00002dd0       ?fempty@cimg@cimg_library@@YAXQEAU_iobuf@@QEBD@Z 0000000180003dd0 f i cap.obj
 0001:00002e50       ?info@cimg@cimg_library@@YAXXZ 0000000180003e50 f i cap.obj
 0001:00003810       ?set_key@CImgDisplay@cimg_library@@QEAAAEAU12@XZ 0000000180004810 f i cap.obj
 0001:00003ab0       ?set_key@CImgDisplay@cimg_library@@QEAAAEAU12@I_N@Z 0000000180004ab0 f i cap.obj
 0001:00004120       ?screen_width@CImgDisplay@cimg_library@@SAHXZ 0000000180005120 f i cap.obj
 0001:00004170       ?screen_height@CImgDisplay@cimg_library@@SAHXZ 0000000180005170 f i cap.obj
 0001:000041c0       ?_handle_events@CImgDisplay@cimg_library@@SA_JPEAUHWND__@@I_K_J@Z 00000001800051c0 f i cap.obj
 0001:000048d0       ?_events_thread@CImgDisplay@cimg_library@@SAKPEAX@Z 00000001800058d0 f i cap.obj
 0001:00004cb0       ?_update_window_pos@CImgDisplay@cimg_library@@QEAAAEAU12@XZ 0000000180005cb0 f i cap.obj
 0001:00004d90       ?_init_fullscreen@CImgDisplay@cimg_library@@QEAAXXZ 0000000180005d90 f i cap.obj
 0001:00004fc0       ?_assign@CImgDisplay@cimg_library@@QEAAAEAU12@IIQEBDI_N1@Z 0000000180005fc0 f i cap.obj
 0001:000051f0       ?assign@CImgDisplay@cimg_library@@QEAAAEAU12@XZ 00000001800061f0 f i cap.obj
 0001:00005310       ?resize@CImgDisplay@cimg_library@@QEAAAEAU12@HH_N@Z 0000000180006310 f i cap.obj
 0001:00005580       ?move@CImgDisplay@cimg_library@@QEAAAEAU12@HH@Z 0000000180006580 f i cap.obj
 0001:000056d0       ?paint@CImgDisplay@cimg_library@@QEAAAEAU12@XZ 00000001800066d0 f i cap.obj
 0001:00005760       ?dialog@cimg@cimg_library@@YAHQEBD0000000_N@Z 0000000180006760 f i cap.obj
 0001:000057e0       ?create@cap@@SAXAEBV?$FunctionCallbackInfo@VValue@v8@@@v8@@@Z 00000001800067e0 f   cap.obj
 0001:00005ba0       ?save@cap@@SAHXZ           0000000180006ba0 f   cap.obj
 0001:00006480       ?_logo40x38@?$CImg@E@cimg_library@@SA?AU12@XZ 0000000180007480 f i cap.obj
 0001:000065f0       ?save@?$CImg@E@cimg_library@@QEBAAEBU12@QEBDH@Z 00000001800075f0 f i cap.obj
 0001:000073f0       ?shift@?$CImg@E@cimg_library@@QEAAAEAU12@HHHHH@Z 00000001800083f0 f i cap.obj
 0001:00007650       ?resize@?$CImg@E@cimg_library@@QEAAAEAU12@HHHHHIMMMM@Z 0000000180008650 f i cap.obj
 0001:00007880       ?normalize@?$CImg@E@cimg_library@@QEAAAEAU12@EE@Z 0000000180008880 f i cap.obj
 0001:00007a80       ?noise@?$CImg@E@cimg_library@@QEAAAEAU12@NI@Z 0000000180008a80 f i cap.obj
 0001:00007c70       ?fill@?$CImg@E@cimg_library@@QEAAAEAU12@E@Z 0000000180008c70 f i cap.obj
 0001:00007cd0       ??0?$CImg@E@cimg_library@@QEAA@AEBU01@@Z 0000000180008cd0 f i cap.obj
 0001:00007dc0       ??0?$CImg@E@cimg_library@@QEAA@IIIIE@Z 0000000180008dc0 f i cap.obj
 0001:00007eb0       ??0?$CImg@E@cimg_library@@QEAA@IIII@Z 0000000180008eb0 f i cap.obj
 0001:00007f60       ??4?$basic_string@DU?$char_traits@D@std@@V?$allocator@D@2@@std@@QEAAAEAV01@$$QEAV01@@Z 0000000180008f60 f i cap.obj
 0001:00008010       ?save_other@?$CImg@E@cimg_library@@QEBAAEBU12@QEBDI@Z 0000000180009010 f i cap.obj
 0001:000081f0       ?save_medcon_external@?$CImg@E@cimg_library@@QEBAAEBU12@QEBD@Z 00000001800091f0 f i cap.obj
 0001:00008640       ?save_gzip_external@?$CImg@E@cimg_library@@QEBAAEBU12@QEBD@Z 0000000180009640 f i cap.obj
 0001:00008ac0       ?save_ffmpeg@?$CImg@E@cimg_library@@QEBAAEBU12@QEBDII@Z 0000000180009ac0 f i cap.obj
 0001:00008ba0       ?save_exr@?$CImg@E@cimg_library@@QEBAAEBU12@QEBD@Z 0000000180009ba0 f i cap.obj
 0001:00008cf0       ?save_cimg@?$CImg@E@cimg_library@@QEBAAEBU12@QEBD_N@Z 0000000180009cf0 f i cap.obj
 0001:00008d50       ?save_analyze@?$CImg@E@cimg_library@@QEBAAEBU12@QEBDQEBM@Z 0000000180009d50 f i cap.obj
 0001:00009460       ?save_minc2@?$CImg@E@cimg_library@@QEBAAEBU12@QEBD0@Z 000000018000a460 f i cap.obj
 0001:00009540       ?save_tiff@?$CImg@E@cimg_library@@QEBAAEBU12@QEBDI@Z 000000018000a540 f i cap.obj
 0001:00009620       ?_save_jpeg@?$CImg@E@cimg_library@@QEBAAEBU12@QEAU_iobuf@@QEBDI@Z 000000018000a620 f i cap.obj
 0001:00009770       ?get_shared_rows@?$CImg@E@cimg_library@@QEAA?AU12@IIII@Z 000000018000a770 f i cap.obj
 0001:000098b0       ?get_resize@?$CImg@E@cimg_library@@QEBA?AU12@HHHHHIMMMM@Z 000000018000a8b0 f i cap.obj
 0001:0000f980       ?is_empty@?$CImg@E@cimg_library@@QEBA_NXZ 0000000180010980 f i cap.obj
 0001:0000f9b0       ?size@?$CImg@E@cimg_library@@QEBAKXZ 00000001800109b0 f i cap.obj
 0001:0000f9c0       ?pixel_type@?$CImg@E@cimg_library@@SAPEBDXZ 00000001800109c0 f i cap.obj
 0001:0000f9d0       ?move_to@?$CImg@E@cimg_library@@QEAAAEAU12@AEAU12@@Z 00000001800109d0 f i cap.obj
 0001:0000fa90       ?assign@?$CImg@E@cimg_library@@QEAAAEAU12@IIIIE@Z 0000000180010a90 f i cap.obj
 0001:0000faf0       ?assign@?$CImg@D@cimg_library@@QEAAAEAU12@XZ 0000000180010af0 f i cap.obj
 0001:0000faf0       ?assign@?$CImg@E@cimg_library@@QEAAAEAU12@XZ 0000000180010af0 f i cap.obj
 0001:0000faf0       ?assign@?$CImg@M@cimg_library@@QEAAAEAU12@XZ 0000000180010af0 f i cap.obj
 0001:0000fb30       ??0?$CImg@E@cimg_library@@QEAA@AEBU01@_N@Z 0000000180010b30 f i cap.obj
 0001:0000fc10       ?assign@?$basic_string@DU?$char_traits@D@std@@V?$allocator@D@2@@std@@QEAAAEAV12@PEBD_K@Z 0000000180010c10 f i cap.obj
 0001:0000fd40       ?assign@?$basic_string@DU?$char_traits@D@std@@V?$allocator@D@2@@std@@QEAAAEAV12@AEBV12@_K1@Z 0000000180010d40 f i cap.obj
 0001:0000fe70       ?_Assign_rv@?$basic_string@DU?$char_traits@D@std@@V?$allocator@D@2@@std@@QEAAX$$QEAV12@@Z 0000000180010e70 f i cap.obj
 0001:0000fef0       ??_E?$CImg@M@cimg_library@@QEAAPEAXI@Z 0000000180010ef0 f i cap.obj
 0001:0000fef0       ??_E?$CImg@D@cimg_library@@QEAAPEAXI@Z 0000000180010ef0 f i cap.obj
 0001:0000fef0       ??_E?$CImg@E@cimg_library@@QEAAPEAXI@Z 0000000180010ef0 f i cap.obj
 0001:0000ff60       ??0?$CImg@I@cimg_library@@QEAA@IIII@Z 0000000180010f60 f i cap.obj
 0001:00010010       ?_system_strescape@?$CImg@D@cimg_library@@QEAAAEAU12@XZ 0000000180011010 f i cap.obj
 0001:00010570       ?assign@?$CImg@D@cimg_library@@QEAAAEAU12@QEBDIIII@Z 0000000180011570 f i cap.obj
 0001:00010720       ??0?$CImg@M@cimg_library@@QEAA@IIIIM@Z 0000000180011720 f i cap.obj
 0001:00010800       ??0?$CImg@M@cimg_library@@QEAA@IIII@Z 0000000180011800 f i cap.obj
 0001:000108d0       ?save_imagemagick_external@?$CImg@E@cimg_library@@QEBAAEBU12@QEBDI@Z 00000001800118d0 f i cap.obj
 0001:00010c60       ?save_graphicsmagick_external@?$CImg@E@cimg_library@@QEBAAEBU12@QEBDI@Z 0000000180011c60 f i cap.obj
 0001:00010ff0       ?save_ffmpeg_external@?$CImg@E@cimg_library@@QEBAAEBU12@QEBD0II@Z 0000000180011ff0 f i cap.obj
 0001:00011130       ?_save_raw@?$CImg@E@cimg_library@@QEBAAEBU12@QEAU_iobuf@@QEBD_N@Z 0000000180012130 f i cap.obj
 0001:000112b0       ?_save_pandore@?$CImg@E@cimg_library@@QEBAAEBU12@QEAU_iobuf@@QEBDI@Z 00000001800122b0 f i cap.obj
 0001:00016a30       ?_save_inr@?$CImg@E@cimg_library@@QEBAAEBU12@QEAU_iobuf@@QEBDQEBM@Z 0000000180017a30 f i cap.obj
 0001:00016e80       ?_save_rgba@?$CImg@E@cimg_library@@QEBAAEBU12@QEAU_iobuf@@QEBD@Z 0000000180017e80 f i cap.obj
 0001:000171f0       ?_save_rgb@?$CImg@E@cimg_library@@QEBAAEBU12@QEAU_iobuf@@QEBD@Z 00000001800181f0 f i cap.obj
 0001:000174c0       ?_save_pfm@?$CImg@E@cimg_library@@QEBAAEBU12@QEAU_iobuf@@QEBD@Z 00000001800184c0 f i cap.obj
 0001:00017c40       ?_save_pnk@?$CImg@E@cimg_library@@QEBAAEBU12@QEAU_iobuf@@QEBD@Z 0000000180018c40 f i cap.obj
 0001:00017f10       ?_save_pnm@?$CImg@E@cimg_library@@QEBAAEBU12@QEAU_iobuf@@QEBDI@Z 0000000180018f10 f i cap.obj
 0001:00018710       ?_save_png@?$CImg@E@cimg_library@@QEBAAEBU12@QEAU_iobuf@@QEBDI@Z 0000000180019710 f i cap.obj
 0001:00018800       ?save_magick@?$CImg@E@cimg_library@@QEBAAEBU12@QEBDI@Z 0000000180019800 f i cap.obj
 0001:00018950       ?_save_bmp@?$CImg@E@cimg_library@@QEBAAEBU12@QEAU_iobuf@@QEBD@Z 0000000180019950 f i cap.obj
 0001:00018e40       ?_save_dlm@?$CImg@E@cimg_library@@QEBAAEBU12@QEAU_iobuf@@QEBD@Z 0000000180019e40 f i cap.obj
 0001:00019100       ?_save_cpp@?$CImg@E@cimg_library@@QEBAAEBU12@QEAU_iobuf@@QEBD@Z 000000018001a100 f i cap.obj
 0001:000193b0       ?_save_ascii@?$CImg@E@cimg_library@@QEBAAEBU12@QEAU_iobuf@@QEBD@Z 000000018001a3b0 f i cap.obj
 0001:000195d0       ?draw_image@?$CImg@E@cimg_library@@QEAAAEAU12@HHHHAEBU12@M@Z 000000018001a5d0 f i cap.obj
 0001:00019c90       ?deriche@?$CImg@E@cimg_library@@QEAAAEAU12@MHD_N@Z 000000018001ac90 f i cap.obj
 0001:0001af90       ?get_split@?$CImg@E@cimg_library@@QEBA?AU?$CImgList@E@2@DH@Z 000000018001bf90 f i cap.obj
 0001:0001b0d0       ?get_crop@?$CImg@E@cimg_library@@QEBA?AU12@HHHHHHHH_N@Z 000000018001c0d0 f i cap.obj
 0001:0001b340       ?_cimg_lanczos@?$CImg@E@cimg_library@@SAMM@Z 000000018001c340 f i cap.obj
 0001:0001b340       ?_cimg_lanczos@?$CImg@M@cimg_library@@SAMM@Z 000000018001c340 f i cap.obj
 0001:0001b3e0       ?assign@?$CImg@E@cimg_library@@QEAAAEAU12@IIII@Z 000000018001c3e0 f i cap.obj
 0001:0001b560       ??0?$CImg@E@cimg_library@@QEAA@QEBEIIII_N@Z 000000018001c560 f i cap.obj
 0001:0001b5c0       ??0?$CImg@K@cimg_library@@QEAA@IIII@Z 000000018001c5c0 f i cap.obj
 0001:0001b670       ?erase@?$basic_string@DU?$char_traits@D@std@@V?$allocator@D@2@@std@@QEAAAEAV12@_K0@Z 000000018001c670 f i cap.obj
 0001:0001b740       ??0?$CImg@G@cimg_library@@QEAA@IIII@Z 000000018001c740 f i cap.obj
 0001:0001b7f0       ?move_to@?$CImg@D@cimg_library@@QEAAAEAU12@AEAU12@@Z 000000018001c7f0 f i cap.obj
 0001:0001b8b0       ?assign@?$CImg@D@cimg_library@@QEAAAEAU12@IIII@Z 000000018001c8b0 f i cap.obj
 0001:0001ba30       ??0?$CImg@D@cimg_library@@QEAA@QEBDIIII_N@Z 000000018001ca30 f i cap.obj
 0001:0001baf0       ?save_ffmpeg_external@?$CImgList@E@cimg_library@@QEBAAEBU12@QEBD0II@Z 000000018001caf0 f i cap.obj
 0001:0001c210       ?_save_cimg@?$CImgList@E@cimg_library@@QEBAAEBU12@QEAU_iobuf@@QEBD_N@Z 000000018001d210 f i cap.obj
 0001:0001c440       ?_save_yuv@?$CImgList@E@cimg_library@@QEBAAEBU12@QEAU_iobuf@@QEBD_N@Z 000000018001d440 f i cap.obj
 0001:0001c6b0       ?fill@?$CImg@M@cimg_library@@QEAAAEAU12@M@Z 000000018001d6b0 f i cap.obj
 0001:0001c770       ?_save_pandore_header_length@?$CImg@E@cimg_library@@QEBAIIPEAII@Z 000000018001d770 f i cap.obj
 0001:0001c8b0       ?mirror@?$CImg@E@cimg_library@@QEAAAEAU12@D@Z 000000018001d8b0 f i cap.obj
 0001:0001c9d0       ?_Copy@?$basic_string@DU?$char_traits@D@std@@V?$allocator@D@2@@std@@QEAAX_K0@Z 000000018001d9d0 f i cap.obj
 0001:0001cb50       ?get_append@?$CImgList@D@cimg_library@@QEBA?AU?$CImg@D@2@DM@Z 000000018001db50 f i cap.obj
 0001:0001cdb0       ?assign@?$CImgList@E@cimg_library@@QEAAAEAU12@I@Z 000000018001ddb0 f i cap.obj
 0001:0001cdb0       ?assign@?$CImgList@M@cimg_library@@QEAAAEAU12@I@Z 000000018001ddb0 f i cap.obj
 0001:0001ceb0       ?RGBtoYCbCr@?$CImg@E@cimg_library@@QEAAAEAU12@XZ 000000018001deb0 f i cap.obj
 0001:0001d1a0       ?draw_image@?$CImg@D@cimg_library@@QEAAAEAU12@HHHHAEBU12@M@Z 000000018001e1a0 f i cap.obj
 0001:0001d860       ??0?$CImg@D@cimg_library@@QEAA@AEBU01@@Z 000000018001e860 f i cap.obj
 0001:0001d950       ??0?$CImg@D@cimg_library@@QEAA@AEBU01@_N@Z 000000018001e950 f i cap.obj
 0001:0001da30       ??$_render_resize@II@CImgDisplay@cimg_library@@SAXPEBIIIPEAIII@Z 000000018001ea30 f i cap.obj
 0001:0001dbf0       ??$dialog@E@cimg@cimg_library@@YAHQEBD0000000AEBU?$CImg@E@1@_N@Z 000000018001ebf0 f i cap.obj
 0001:0001f6a0       ??$draw_text@E@?$CImg@E@cimg_library@@QEAAAEAU01@HHQEBDQEBEHMIZZ 00000001800206a0 f i cap.obj
 0001:0001f7a0       ??$draw_circle@E@?$CImg@E@cimg_library@@QEAAAEAU01@HHHQEBEMI@Z 00000001800207a0 f i cap.obj
 0001:0001fb70       ??$draw_line@E@?$CImg@E@cimg_library@@QEAAAEAU01@HHHHQEBEMI_N@Z 0000000180020b70 f i cap.obj
 0001:00020240       ??$?_5E@?$CImg@E@cimg_library@@QEAAAEAU01@AEBU01@@Z 0000000180021240 f i cap.obj
 0001:00020470       ??$max_min@E@?$CImg@E@cimg_library@@QEAAAEAEAEAE@Z 0000000180021470 f i cap.obj
 0001:000205a0       ??$min_max@M@?$CImg@E@cimg_library@@QEBAAEBEAEAM@Z 00000001800215a0 f i cap.obj
 0001:000205a0       ??$min_max@M@?$CImg@E@cimg_library@@QEAAAEAEAEAM@Z 00000001800215a0 f i cap.obj
 0001:000206f0       ??$?0E@?$CImgList@E@cimg_library@@QEAA@AEBU?$CImg@E@1@_N@Z 00000001800216f0 f i cap.obj
 0001:000207c0       ??$fwrite@D@cimg@cimg_library@@YAHPEBDKPEAU_iobuf@@@Z 00000001800217c0 f i cap.obj
 0001:000208e0       ??$fwrite@E@cimg@cimg_library@@YAHPEBEKPEAU_iobuf@@@Z 00000001800218e0 f i cap.obj
 0001:00020a20       ??$move_to@E@?$CImgList@E@cimg_library@@QEAAAEAU01@AEAU01@@Z 0000000180021a20 f i cap.obj
 0001:00020b80       ??$fwrite@K@cimg@cimg_library@@YAHPEBKKPEAU_iobuf@@@Z 0000000180021b80 f i cap.obj
 0001:00020cc0       ??$fwrite@G@cimg@cimg_library@@YAHPEBGKPEAU_iobuf@@@Z 0000000180021cc0 f i cap.obj
 0001:00020e00       ??$fwrite@M@cimg@cimg_library@@YAHPEBMKPEAU_iobuf@@@Z 0000000180021e00 f i cap.obj
 0001:00020f40       ??$max_min@N@?$CImg@E@cimg_library@@QEBAAEBEAEAN@Z 0000000180021f40 f i cap.obj
 0001:00021090       ??$move_to@E@?$CImg@E@cimg_library@@QEAAAEAU?$CImgList@E@1@AEAU21@I@Z 0000000180022090 f i cap.obj
 0001:00021120       ?assign@?$CImg@D@cimg_library@@QEAAAEAU12@QEBDIIII_N@Z 0000000180022120 f i cap.obj
 0001:000211d0       ??0?$CImg@M@cimg_library@@QEAA@AEBU01@@Z 00000001800221d0 f i cap.obj
 0001:000212d0       ?assign@?$CImg@E@cimg_library@@QEAAAEAU12@QEBEIIII_N@Z 00000001800222d0 f i cap.obj
 0001:000214b0       ?assign@?$CImg@E@cimg_library@@QEAAAEAU12@QEBEIIII@Z 00000001800224b0 f i cap.obj
 0001:00021660       ??0?$_Wrap_alloc@V?$allocator@D@std@@@std@@QEAA@XZ 0000000180022660 f i cap.obj
 0001:00021670       ?insert@?$CImgList@D@cimg_library@@QEAAAEAU12@AEBU?$CImg@D@2@I_N@Z 0000000180022670 f i cap.obj
 0001:00021920       ?insert@?$CImgList@E@cimg_library@@QEAAAEAU12@AEBU?$CImg@E@2@I_N@Z 0000000180022920 f i cap.obj
 0001:00021bd0       ?get_crop@?$CImg@M@cimg_library@@QEBA?AU12@HHHHHHHH_N@Z 0000000180022bd0 f i cap.obj
 0001:00021e20       ??0?$CImg@M@cimg_library@@QEAA@AEBU01@_N@Z 0000000180022e20 f i cap.obj
 0001:00021f10       ?draw_image@?$CImg@M@cimg_library@@QEAAAEAU12@HHHHAEBU12@M@Z 0000000180022f10 f i cap.obj
 0001:000226a0       ??$draw_text@EE@?$CImg@E@cimg_library@@QEAAAEAU01@HHQEBDQEBE1MIZZ 00000001800236a0 f i cap.obj
 0001:00022d50       ??$?ZE@?$CImg@E@cimg_library@@QEAAAEAU01@AEBU01@@Z 0000000180023d50 f i cap.obj
 0001:00022f80       ??$display@E@CImgDisplay@cimg_library@@QEAAAEAU01@AEBU?$CImg@E@1@@Z 0000000180023f80 f i cap.obj
 0001:00023070       ?font@?$CImgList@M@cimg_library@@SAAEBU12@I_N@Z 0000000180024070 f i cap.obj
 0001:000236b0       ?resize@?$CImg@M@cimg_library@@QEAAAEAU12@HHHHHIMMMM@Z 00000001800246b0 f i cap.obj
 0001:00023930       ?assign@?$CImg@M@cimg_library@@QEAAAEAU12@QEBMIIII_N@Z 0000000180024930 f i cap.obj
 0001:00023b10       ?assign@?$CImg@M@cimg_library@@QEAAAEAU12@IIII@Z 0000000180024b10 f i cap.obj
 0001:00023ca0       ?_font@?$CImgList@M@cimg_library@@SA?AU12@QEBIII_N@Z 0000000180024ca0 f i cap.obj
 0001:00024180       ?empty@?$CImgList@M@cimg_library@@SAAEAU12@XZ 0000000180025180 f i cap.obj
 0001:00024220       ?assign@?$CImgList@M@cimg_library@@QEAAAEAU12@AEBU12@_N@Z 0000000180025220 f i cap.obj
 0001:000243c0       ?get_resize@?$CImg@M@cimg_library@@QEBA?AU12@HHHHHIMMMM@Z 00000001800253c0 f i cap.obj
 0001:0002a1f0       ?move_to@?$CImg@M@cimg_library@@QEAAAEAU12@AEAU12@@Z 000000018002b1f0 f i cap.obj
 0001:0002a2b0       ?assign@?$CImg@M@cimg_library@@QEAAAEAU12@QEBMIIII@Z 000000018002b2b0 f i cap.obj
 0001:0002a480       ?get_crop_font@?$CImgList@M@cimg_library@@QEBA?AU12@XZ 000000018002b480 f i cap.obj
 0001:0002a8f0       ??$_draw_text@EEM@?$CImg@E@cimg_library@@QEAAAEAU01@HHQEBDQEBE1MAEBU?$CImgList@M@1@@Z 000000018002b8f0 f i cap.obj
 0001:0002b0c0       ??$draw_rectangle@E@?$CImg@E@cimg_library@@QEAAAEAU01@HHHHHHQEBEM@Z 000000018002c0c0 f i cap.obj
 0001:0002b290       ??$assign@E@CImgDisplay@cimg_library@@QEAAAEAU01@AEBU?$CImg@E@1@QEBDI_N2@Z 000000018002c290 f i cap.obj
 0001:0002b3d0       ??$draw_point@E@?$CImg@E@cimg_library@@QEAAAEAU01@HHHQEBEM@Z 000000018002c3d0 f i cap.obj
 0001:0002b5b0       ??$assign@M@?$CImg@E@cimg_library@@QEAAAEAU01@QEBMIIII@Z 000000018002c5b0 f i cap.obj
 0001:0002b6d0       ??$render@E@CImgDisplay@cimg_library@@QEAAAEAU01@AEBU?$CImg@E@1@@Z 000000018002c6d0 f i cap.obj
 0001:0002bf60       ??$insert@M@?$CImgList@M@cimg_library@@QEAAAEAU01@AEBU01@I_N@Z 000000018002cf60 f i cap.obj
 0001:0002c090       ??$move_to@M@?$CImgList@M@cimg_library@@QEAAAEAU01@AEAU01@@Z 000000018002d090 f i cap.obj
 0001:0002c1f0       ?insert@?$CImgList@M@cimg_library@@QEAAAEAU12@AEBU?$CImg@M@2@I_N@Z 000000018002d1f0 f i cap.obj
 0001:0002c590       ?draw_rectangle@?$CImg@E@cimg_library@@QEAAAEAU12@HHHHHHHHEM@Z 000000018002d590 f i cap.obj
 0001:0002c990       ?get_projections2d@?$CImg@E@cimg_library@@QEBA?AU12@III@Z 000000018002d990 f i cap.obj
 0001:0002cd10       ?get_shared_channels@?$CImg@E@cimg_library@@QEAA?AU12@II@Z 000000018002dd10 f i cap.obj
 0001:0002ce40       ?min@?$CImg@E@cimg_library@@QEBAAEBEXZ 000000018002de40 f i cap.obj
 0001:0002cf40       ??$_get_permute_axes@E@?$CImg@E@cimg_library@@QEBA?AU01@QEBDAEBE@Z 000000018002df40 f i cap.obj
 0001:0002ee20       ??$draw_image@MM@?$CImg@E@cimg_library@@QEAAAEAU01@HHHHAEBU?$CImg@M@1@0MM@Z 000000018002fe20 f i cap.obj
 0001:0002f760       ??$draw_image@M@?$CImg@E@cimg_library@@QEAAAEAU01@HHHHAEBU?$CImg@M@1@M@Z 0000000180030760 f i cap.obj
 0001:0002fdf0       ??$is_overlapped@M@?$CImg@E@cimg_library@@QEBA_NAEBU?$CImg@M@1@@Z 0000000180030df0 f i cap.obj
 0001:0002fe30       ??$assign@M@?$CImg@E@cimg_library@@QEAAAEAU01@QEBMIIII_N@Z 0000000180030e30 f i cap.obj
 0001:0002ff4c       __imp_load_?GetCurrent@Isolate@v8@@SAPEAV12@XZ 0000000180030f4c f   node:node.exe
 0001:0002ff58       __tailMerge_node_exe       0000000180030f58 f i node:node.exe
 0001:0002ffd1       __imp_load_??1HandleScope@v8@@QEAA@XZ 0000000180030fd1 f   node:node.exe
 0001:0002ffdd       __imp_load_??0HandleScope@v8@@QEAA@PEAVIsolate@1@@Z 0000000180030fdd f   node:node.exe
 0001:0002ffe9       __imp_load_?GetFunction@FunctionTemplate@v8@@QEAA?AV?$Local@VFunction@v8@@@2@XZ 0000000180030fe9 f   node:node.exe
 0001:0002fff5       __imp_load_?New@FunctionTemplate@v8@@SA?AV?$Local@VFunctionTemplate@v8@@@2@PEAVIsolate@2@P6AXAEBV?$FunctionCallbackInfo@VValue@v8@@@2@@ZV?$Local@VValue@v8@@@2@V?$Local@VSignature@v8@@@2@HW4ConstructorBehavior@2@@Z 0000000180030ff5 f   node:node.exe
 0001:00030001       __imp_load_?NewFromUtf8@String@v8@@SA?AV?$Local@VString@v8@@@2@PEAVIsolate@2@PEBDW4NewStringType@12@H@Z 0000000180031001 f   node:node.exe
 0001:0003000d       __imp_load_?Set@Object@v8@@QEAA_NV?$Local@VValue@v8@@@2@0@Z 000000018003100d f   node:node.exe
 0001:00030019       __imp_load_?SetName@Function@v8@@QEAAXV?$Local@VString@v8@@@2@@Z 0000000180031019 f   node:node.exe
 0001:00030025       __imp_load_node_module_register 0000000180031025 f   node:node.exe
 0001:00030031       __imp_load_?Int32Value@Value@v8@@QEBAHXZ 0000000180031031 f   node:node.exe
 0001:0003003d       __imp_load_??1Utf8Value@String@v8@@QEAA@XZ 000000018003103d f   node:node.exe
 0001:00030049       __imp_load_??0Utf8Value@String@v8@@QEAA@V?$Local@VValue@v8@@@2@@Z 0000000180031049 f   node:node.exe
 0001:00030055       __imp_load_?ToString@Value@v8@@QEBA?AV?$Local@VString@v8@@@2@XZ 0000000180031055 f   node:node.exe
 0001:00030064       ??0bad_alloc@std@@QEAA@AEBV01@@Z 0000000180031064 f i libcpmt:xthrow.obj
 0001:000300a4       ??0bad_alloc@std@@QEAA@XZ  00000001800310a4 f i libcpmt:xthrow.obj
 0001:000300c4       ??0exception@std@@QEAA@AEBV01@@Z 00000001800310c4 f i libcpmt:xthrow.obj
 0001:000300fc       ??0length_error@std@@QEAA@AEBV01@@Z 00000001800310fc f i libcpmt:xthrow.obj
 0001:0003013c       ??0length_error@std@@QEAA@PEBD@Z 000000018003113c f i libcpmt:xthrow.obj
 0001:00030188       ??0logic_error@std@@QEAA@AEBV01@@Z 0000000180031188 f i libcpmt:xthrow.obj
 0001:000301c8       ??0out_of_range@std@@QEAA@AEBV01@@Z 00000001800311c8 f i libcpmt:xthrow.obj
 0001:00030208       ??0out_of_range@std@@QEAA@PEBD@Z 0000000180031208 f i libcpmt:xthrow.obj
 0001:00030254       ??1length_error@std@@UEAA@XZ 0000000180031254 f i libcpmt:xthrow.obj
 0001:00030254       ??1bad_alloc@std@@UEAA@XZ  0000000180031254 f i libcpmt:xthrow.obj
 0001:00030254       ??1bad_array_new_length@std@@UEAA@XZ 0000000180031254 f i LIBCMT:throw_bad_alloc.obj
 0001:00030254       ??1out_of_range@std@@UEAA@XZ 0000000180031254 f i libcpmt:xthrow.obj
 0001:00030254       ??1bad_exception@std@@UEAA@XZ 0000000180031254 f i libvcruntime:frame.obj
 0001:00030268       ??_Ebad_array_new_length@std@@UEAAPEAXI@Z 0000000180031268 f i LIBCMT:throw_bad_alloc.obj
 0001:00030268       ??_Glength_error@std@@UEAAPEAXI@Z 0000000180031268 f i libcpmt:xthrow.obj
 0001:00030268       ??_Gout_of_range@std@@UEAAPEAXI@Z 0000000180031268 f i libcpmt:xthrow.obj
 0001:00030268       ??_Eout_of_range@std@@UEAAPEAXI@Z 0000000180031268 f i libcpmt:xthrow.obj
 0001:00030268       ??_Glogic_error@std@@UEAAPEAXI@Z 0000000180031268 f i libcpmt:xthrow.obj
 0001:00030268       ??_Gbad_alloc@std@@UEAAPEAXI@Z 0000000180031268 f i libcpmt:xthrow.obj
 0001:00030268       ??_Elength_error@std@@UEAAPEAXI@Z 0000000180031268 f i libcpmt:xthrow.obj
 0001:00030268       ??_Gexception@std@@UEAAPEAXI@Z 0000000180031268 f i libcpmt:xthrow.obj
 0001:00030268       ??_Elogic_error@std@@UEAAPEAXI@Z 0000000180031268 f i libcpmt:xthrow.obj
 0001:00030268       ??_Ebad_alloc@std@@UEAAPEAXI@Z 0000000180031268 f i libcpmt:xthrow.obj
 0001:00030268       ??_Eexception@std@@UEAAPEAXI@Z 0000000180031268 f i libcpmt:xthrow.obj
 0001:00030268       ??_Gbad_array_new_length@std@@UEAAPEAXI@Z 0000000180031268 f i LIBCMT:throw_bad_alloc.obj
 0001:00030268       ??_Gbad_exception@std@@UEAAPEAXI@Z 0000000180031268 f i libvcruntime:frame.obj
 0001:00030268       ??_Ebad_exception@std@@UEAAPEAXI@Z 0000000180031268 f i libvcruntime:frame.obj
 0001:000302ac       ?_Xlength_error@std@@YAXPEBD@Z 00000001800312ac f   libcpmt:xthrow.obj
 0001:000302d0       ?_Xout_of_range@std@@YAXPEBD@Z 00000001800312d0 f   libcpmt:xthrow.obj
 0001:000302f4       ?what@exception@std@@UEBAPEBDXZ 00000001800312f4 f i libcpmt:xthrow.obj
 0001:00030320       __security_check_cookie    0000000180031320 f   LIBCMT:_amdsecgs_.obj
 0001:00030344       ??_V@YAXPEAX_K@Z           0000000180031344 f   LIBCMT:delete_array_size.obj
 0001:00030494       _Init_thread_footer        0000000180031494 f   LIBCMT:thread_safe_statics.obj
 0001:000304f4       _Init_thread_header        00000001800314f4 f   LIBCMT:thread_safe_statics.obj
 0001:0003055c       _Init_thread_notify        000000018003155c f   LIBCMT:thread_safe_statics.obj
 0001:000305b8       _Init_thread_wait          00000001800315b8 f   LIBCMT:thread_safe_statics.obj
 0001:00030650       __raise_securityfailure    0000000180031650 f   LIBCMT:gs_report.obj
 0001:00030684       __report_gsfailure         0000000180031684 f   LIBCMT:gs_report.obj
 0001:00030758       __report_rangecheckfailure 0000000180031758 f   LIBCMT:gs_report.obj
 0001:0003076c       __report_securityfailure   000000018003176c f   LIBCMT:gs_report.obj
 0001:000308ec       ??2@YAPEAX_K@Z             00000001800318ec f   LIBCMT:new_scalar.obj
 0001:00030928       __scrt_acquire_startup_lock 0000000180031928 f   LIBCMT:utility.obj
 0001:00030964       __scrt_dllmain_after_initialize_c 0000000180031964 f   LIBCMT:utility.obj
 0001:00030998       __scrt_dllmain_before_initialize_c 0000000180031998 f   LIBCMT:utility.obj
 0001:000309b0       __scrt_dllmain_crt_thread_attach 00000001800319b0 f   LIBCMT:utility.obj
 0001:000309d8       __scrt_dllmain_crt_thread_detach 00000001800319d8 f   LIBCMT:utility.obj
 0001:000309f0       __scrt_dllmain_exception_filter 00000001800319f0 f   LIBCMT:utility.obj
 0001:00030a54       __scrt_dllmain_uninitialize_c 0000000180031a54 f   LIBCMT:utility.obj
 0001:00030a84       __scrt_dllmain_uninitialize_critical 0000000180031a84 f   LIBCMT:utility.obj
 0001:00030a98       __scrt_initialize_crt      0000000180031a98 f   LIBCMT:utility.obj
 0001:00030ae4       __scrt_initialize_onexit_tables 0000000180031ae4 f   LIBCMT:utility.obj
 0001:00030bb0       __scrt_is_nonwritable_in_current_image 0000000180031bb0 f   LIBCMT:utility.obj
 0001:00030c4c       __scrt_release_startup_lock 0000000180031c4c f   LIBCMT:utility.obj
 0001:00030c70       __scrt_uninitialize_crt    0000000180031c70 f   LIBCMT:utility.obj
 0001:00030c9c       _onexit                    0000000180031c9c f   LIBCMT:utility.obj
 0001:00030cec       atexit                     0000000180031cec f   LIBCMT:utility.obj
 0001:00030d04       ??3@YAXPEAX@Z              0000000180031d04 f   LIBCMT:delete_scalar.obj
 0001:00030d0c       ??3@YAXPEAX_K@Z            0000000180031d0c f   LIBCMT:delete_scalar_size.obj
 0001:00030d0c       ??_V@YAXPEAX@Z             0000000180031d0c f   LIBCMT:delete_array.obj
 0001:00030d14       ??_U@YAPEAX_K@Z            0000000180031d14 f   LIBCMT:new_array.obj
 0001:00030d1c       ??_Gtype_info@@UEAAPEAXI@Z 0000000180031d1c f i LIBCMT:std_type_info_static.obj
 0001:00030d1c       ??_Etype_info@@UEAAPEAXI@Z 0000000180031d1c f i LIBCMT:std_type_info_static.obj
 0001:00031094       _DllMainCRTStartup         0000000180032094 f   LIBCMT:dll_dllmain.obj
 0001:000310d4       __crt_debugger_hook        00000001800320d4 f   LIBCMT:utility_desktop.obj
 0001:000310dc       __scrt_fastfail            00000001800320dc f   LIBCMT:utility_desktop.obj
 0001:00031224       _guard_check_icall         0000000180032224 f i LIBCMT:checkcfg.obj
 0001:0003122c       ??0bad_array_new_length@std@@QEAA@AEBV01@@Z 000000018003222c f i LIBCMT:throw_bad_alloc.obj
 0001:0003126c       ??0bad_array_new_length@std@@QEAA@XZ 000000018003226c f i LIBCMT:throw_bad_alloc.obj
 0001:0003128c       ?__scrt_throw_std_bad_alloc@@YAXXZ 000000018003228c f   LIBCMT:throw_bad_alloc.obj
 0001:0003128c       ?_Xbad_alloc@std@@YAXXZ    000000018003228c f   libcpmt:xthrow.obj
 0001:000312ac       ?__scrt_throw_std_bad_array_new_length@@YAXXZ 00000001800322ac f   LIBCMT:throw_bad_alloc.obj
 0001:000312cc       __isa_available_init       00000001800322cc f   LIBCMT:_cpu_disp_.obj
 0001:00031494       __scrt_is_ucrt_dll_in_use  0000000180032494 f   LIBCMT:ucrt_detection.obj
 0001:000314a0       __security_init_cookie     00000001800324a0 f   LIBCMT:gs_support.obj
 0001:0003154c       DllMain                    000000018003254c f   LIBCMT:dll_dllmain_stub.obj
 0001:0003154c       _get_startup_argv_mode     000000018003254c f   LIBCMT:argv_mode.obj
 0001:00031554       ?__scrt_initialize_type_info@@YAXXZ 0000000180032554 f   LIBCMT:tncleanup.obj
 0001:00031564       ?__scrt_uninitialize_type_info@@YAXXZ 0000000180032564 f   LIBCMT:tncleanup.obj
 0001:00031570       __scrt_initialize_default_local_stdio_options 0000000180032570 f   LIBCMT:default_local_stdio_options.obj
 0001:0003158c       __scrt_get_dyn_tls_init_callback 000000018003258c f   LIBCMT:dyn_tls_init.obj
 0001:00031594       _RTC_Initialize            0000000180032594 f   LIBCMT:_initsect_.obj
 0001:000315e0       _RTC_Terminate             00000001800325e0 f   LIBCMT:_initsect_.obj
 0001:00031640       memmove                    0000000180032640 f   libvcruntime:memcpy.obj
 0001:00031640       memcpy                     0000000180032640 f   libvcruntime:memcpy.obj
 0001:00031a78       strstr                     0000000180032a78 f   libvcruntime:strstr.obj
 0001:00031c6c       strchr                     0000000180032c6c f   libvcruntime:strchr.obj
 0001:00031cf8       __std_exception_copy       0000000180032cf8 f   libvcruntime:std_exception.obj
 0001:00031d88       __std_exception_destroy    0000000180032d88 f   libvcruntime:std_exception.obj
 0001:00031db0       _CxxThrowException         0000000180032db0 f   libvcruntime:throw.obj
 0001:00032050       __vcrt_FlsAlloc            0000000180033050 f   libvcruntime:winapi_downlevel.obj
 0001:000320a4       __vcrt_FlsFree             00000001800330a4 f   libvcruntime:winapi_downlevel.obj
 0001:000320f8       __vcrt_FlsGetValue         00000001800330f8 f   libvcruntime:winapi_downlevel.obj
 0001:0003214c       __vcrt_FlsSetValue         000000018003314c f   libvcruntime:winapi_downlevel.obj
 0001:000321b4       __vcrt_InitializeCriticalSectionEx 00000001800331b4 f   libvcruntime:winapi_downlevel.obj
 0001:0003222c       __vcrt_initialize_winapi_thunks 000000018003322c f   libvcruntime:winapi_downlevel.obj
 0001:00032278       __vcrt_uninitialize_winapi_thunks 0000000180033278 f   libvcruntime:winapi_downlevel.obj
 0001:000322b8       __vcrt_initialize          00000001800332b8 f   libvcruntime:initialization.obj
 0001:000322ec       __vcrt_thread_attach       00000001800332ec f   libvcruntime:initialization.obj
 0001:00032300       __vcrt_thread_detach       0000000180033300 f   libvcruntime:initialization.obj
 0001:00032314       __vcrt_uninitialize        0000000180033314 f   libvcruntime:initialization.obj
 0001:00032334       __vcrt_uninitialize_critical 0000000180033334 f   libvcruntime:initialization.obj
 0001:00032344       __C_specific_handler       0000000180033344 f   libvcruntime:_chandler_.obj
 0001:00032550       memset                     0000000180033550 f   libvcruntime:memset.obj
 0001:000326f0       __std_type_info_compare    00000001800336f0 f   libvcruntime:std_type_info.obj
 0001:00032718       __std_type_info_destroy_list 0000000180033718 f   libvcruntime:std_type_info.obj
 0001:00032744       __vcrt_freefls             0000000180033744 f   libvcruntime:per_thread_data.obj
 0001:00032764       __vcrt_freeptd             0000000180033764 f   libvcruntime:per_thread_data.obj
 0001:000327b4       __vcrt_getptd              00000001800337b4 f   libvcruntime:per_thread_data.obj
 0001:000327d0       __vcrt_getptd_noexit       00000001800337d0 f   libvcruntime:per_thread_data.obj
 0001:00032888       __vcrt_initialize_ptd      0000000180033888 f   libvcruntime:per_thread_data.obj
 0001:000328c8       __vcrt_uninitialize_ptd    00000001800338c8 f   libvcruntime:per_thread_data.obj
 0001:000328ec       __vcrt_initialize_locks    00000001800338ec f   libvcruntime:locks.obj
 0001:00032934       __vcrt_uninitialize_locks  0000000180033934 f   libvcruntime:locks.obj
 0001:0003296c       __vcrt_initialize_pure_virtual_call_handler 000000018003396c f   libvcruntime:purevirt_data.obj
 0001:000329a0       _local_unwind              00000001800339a0 f   libvcruntime:_jmpuwind_.obj
 0001:000329d0       _NLG_Notify                00000001800339d0 f   libvcruntime:_jmpuwind_.obj
 0001:000329f0       __NLG_Dispatch2            00000001800339f0 f   libvcruntime:_jmpuwind_.obj
 0001:00032a00       __NLG_Return2              0000000180033a00 f   libvcruntime:_jmpuwind_.obj
 0001:00032a04       _fputc_nolock              0000000180033a04 f   libucrt:fputc.obj
 0001:00032a1c       fputc                      0000000180033a1c f   libucrt:fputc.obj
 0001:00032b3c       rand                       0000000180033b3c f   libucrt:rand.obj
 0001:00032b68       srand                      0000000180033b68 f   libucrt:rand.obj
 0001:00032c50       fopen                      0000000180033c50 f   libucrt:fopen.obj
 0001:00032c5c       __acrt_initialize_stdio    0000000180033c5c f   libucrt:_file.obj
 0001:00032d7c       __acrt_iob_func            0000000180033d7c f   libucrt:_file.obj
 0001:00032d90       __acrt_uninitialize_stdio  0000000180033d90 f   libucrt:_file.obj
 0001:00032dec       _lock_file                 0000000180033dec f   libucrt:_file.obj
 0001:00032df8       _unlock_file               0000000180033df8 f   libucrt:_file.obj
 0001:00032e04       _getpid                    0000000180033e04 f   libucrt:getpid.obj
 0001:00032e0c       _fclose_nolock             0000000180033e0c f   libucrt:fclose.obj
 0001:00032e90       fclose                     0000000180033e90 f   libucrt:fclose.obj
 0001:00032efc       remove                     0000000180033efc f   libucrt:unlink.obj
 0001:00032f48       ??$?RV<lambda_aa279a7bcb127014629d5b1d62c7325d>@@AEAV<lambda_0a64b6a4deda75c01876f29c44fc5eb3>@@V<lambda_3323e69fbefe9d1a11713e670d47cdfa>@@@?$__crt_seh_guarded_call@H@@QEAAH$$QEAV<lambda_aa279a7bcb127014629d5b1d62c7325d>@@AEAV<lambda_0a64b6a4deda75c01876f29c44fc5eb3>@@$$QEAV<lambda_3323e69fbefe9d1a11713e670d47cdfa>@@@Z 0000000180033f48 f i libucrt:output.obj
 0001:00032f88       ??$ensure_buffer_is_big_enough@D@formatting_buffer@__crt_stdio_output@@QEAA_N_K@Z 0000000180033f88 f i libucrt:output.obj
 0001:00033034       ??$is_wide_character_specifier@D@__crt_stdio_output@@YA_N_KDW4length_modifier@0@@Z 0000000180034034 f i libucrt:output.obj
 0001:00033064       ??$type_case_integer_parse_into_buffer@I@?$output_processor@DV?$stream_output_adapter@D@__crt_stdio_output@@V?$standard_base@DV?$stream_output_adapter@D@__crt_stdio_output@@@2@@__crt_stdio_output@@AEAAXII_N@Z 0000000180034064 f i libucrt:output.obj
 0001:00033064       ??$type_case_integer_parse_into_buffer@I@?$output_processor@DV?$string_output_adapter@D@__crt_stdio_output@@V?$standard_base@DV?$string_output_adapter@D@__crt_stdio_output@@@2@@__crt_stdio_output@@AEAAXII_N@Z 0000000180034064 f i libucrt:output.obj
 0001:00033100       ??$type_case_integer_parse_into_buffer@_K@?$output_processor@DV?$string_output_adapter@D@__crt_stdio_output@@V?$standard_base@DV?$string_output_adapter@D@__crt_stdio_output@@@2@@__crt_stdio_output@@AEAAX_KI_N@Z 0000000180034100 f i libucrt:output.obj
 0001:00033100       ??$type_case_integer_parse_into_buffer@_K@?$output_processor@DV?$stream_output_adapter@D@__crt_stdio_output@@V?$standard_base@DV?$stream_output_adapter@D@__crt_stdio_output@@@2@@__crt_stdio_output@@AEAAX_KI_N@Z 0000000180034100 f i libucrt:output.obj
 0001:0003319c       ??$write_multiple_characters@V?$stream_output_adapter@D@__crt_stdio_output@@D@__crt_stdio_output@@YAXAEBV?$stream_output_adapter@D@0@DHQEAH@Z 000000018003419c f i libucrt:output.obj
 0001:00033220       ??$write_multiple_characters@V?$string_output_adapter@D@__crt_stdio_output@@D@__crt_stdio_output@@YAXAEBV?$string_output_adapter@D@0@DHQEAH@Z 0000000180034220 f i libucrt:output.obj
 0001:0003327c       ??0?$output_processor@DV?$stream_output_adapter@D@__crt_stdio_output@@V?$standard_base@DV?$stream_output_adapter@D@__crt_stdio_output@@@2@@__crt_stdio_output@@QEAA@AEBV?$stream_output_adapter@D@1@_KQEBDQEAU__crt_locale_pointers@@QEAD@Z 000000018003427c f i libucrt:output.obj
 0001:0003327c       ??0?$output_processor@DV?$string_output_adapter@D@__crt_stdio_output@@V?$standard_base@DV?$string_output_adapter@D@__crt_stdio_output@@@2@@__crt_stdio_output@@QEAA@AEBV?$string_output_adapter@D@1@_KQEBDQEAU__crt_locale_pointers@@QEAD@Z 000000018003427c f i libucrt:output.obj
 0001:000332f8       ??0_LocaleUpdate@@QEAA@QEAU__crt_locale_pointers@@@Z 00000001800342f8 f i libucrt:output.obj
 0001:00033478       ?force_decimal_point@__crt_stdio_output@@YAXPEADQEAU__crt_locale_pointers@@@Z 0000000180034478 f i libucrt:output.obj
 0001:000334e8       ?parse_int_from_format_string@?$output_processor@DV?$stream_output_adapter@D@__crt_stdio_output@@V?$standard_base@DV?$stream_output_adapter@D@__crt_stdio_output@@@2@@__crt_stdio_output@@AEAA_NQEAH@Z 00000001800344e8 f i libucrt:output.obj
 0001:000334e8       ?parse_int_from_format_string@?$output_processor@DV?$string_output_adapter@D@__crt_stdio_output@@V?$standard_base@DV?$string_output_adapter@D@__crt_stdio_output@@@2@@__crt_stdio_output@@AEAA_NQEAH@Z 00000001800344e8 f i libucrt:output.obj
 0001:0003356c       ?process@?$output_processor@DV?$stream_output_adapter@D@__crt_stdio_output@@V?$standard_base@DV?$stream_output_adapter@D@__crt_stdio_output@@@2@@__crt_stdio_output@@QEAAHXZ 000000018003456c f i libucrt:output.obj
 0001:0003377c       ?process@?$output_processor@DV?$string_output_adapter@D@__crt_stdio_output@@V?$standard_base@DV?$string_output_adapter@D@__crt_stdio_output@@@2@@__crt_stdio_output@@QEAAHXZ 000000018003477c f i libucrt:output.obj
 0001:00033980       ?state_case_normal@?$output_processor@DV?$stream_output_adapter@D@__crt_stdio_output@@V?$standard_base@DV?$stream_output_adapter@D@__crt_stdio_output@@@2@@__crt_stdio_output@@AEAA_NXZ 0000000180034980 f i libucrt:output.obj
 0001:000339f0       ?state_case_normal@?$output_processor@DV?$string_output_adapter@D@__crt_stdio_output@@V?$standard_base@DV?$string_output_adapter@D@__crt_stdio_output@@@2@@__crt_stdio_output@@AEAA_NXZ 00000001800349f0 f i libucrt:output.obj
 0001:00033a64       ?state_case_normal_tchar@?$output_processor@DV?$stream_output_adapter@D@__crt_stdio_output@@V?$standard_base@DV?$stream_output_adapter@D@__crt_stdio_output@@@2@@__crt_stdio_output@@AEAA_ND@Z 0000000180034a64 f i libucrt:output.obj
 0001:00033af8       ?state_case_normal_tchar@?$output_processor@DV?$string_output_adapter@D@__crt_stdio_output@@V?$standard_base@DV?$string_output_adapter@D@__crt_stdio_output@@@2@@__crt_stdio_output@@AEAA_ND@Z 0000000180034af8 f i libucrt:output.obj
 0001:00033b90       ?state_case_size@?$output_processor@DV?$stream_output_adapter@D@__crt_stdio_output@@V?$standard_base@DV?$stream_output_adapter@D@__crt_stdio_output@@@2@@__crt_stdio_output@@AEAA_NXZ 0000000180034b90 f i libucrt:output.obj
 0001:00033d0c       ?state_case_size@?$output_processor@DV?$string_output_adapter@D@__crt_stdio_output@@V?$standard_base@DV?$string_output_adapter@D@__crt_stdio_output@@@2@@__crt_stdio_output@@AEAA_NXZ 0000000180034d0c f i libucrt:output.obj
 0001:00033e88       ?state_case_type@?$output_processor@DV?$stream_output_adapter@D@__crt_stdio_output@@V?$standard_base@DV?$stream_output_adapter@D@__crt_stdio_output@@@2@@__crt_stdio_output@@AEAA_NXZ 0000000180034e88 f i libucrt:output.obj
 0001:00034104       ?state_case_type@?$output_processor@DV?$string_output_adapter@D@__crt_stdio_output@@V?$standard_base@DV?$string_output_adapter@D@__crt_stdio_output@@@2@@__crt_stdio_output@@AEAA_NXZ 0000000180035104 f i libucrt:output.obj
 0001:00034380       ?type_case_Z@?$output_processor@DV?$stream_output_adapter@D@__crt_stdio_output@@V?$standard_base@DV?$stream_output_adapter@D@__crt_stdio_output@@@2@@__crt_stdio_output@@AEAA_NXZ 0000000180035380 f i libucrt:output.obj
 0001:00034380       ?type_case_Z@?$output_processor@DV?$string_output_adapter@D@__crt_stdio_output@@V?$standard_base@DV?$string_output_adapter@D@__crt_stdio_output@@@2@@__crt_stdio_output@@AEAA_NXZ 0000000180035380 f i libucrt:output.obj
 0001:00034400       ?type_case_a@?$output_processor@DV?$stream_output_adapter@D@__crt_stdio_output@@V?$standard_base@DV?$stream_output_adapter@D@__crt_stdio_output@@@2@@__crt_stdio_output@@AEAA_NXZ 0000000180035400 f i libucrt:output.obj
 0001:00034400       ?type_case_a@?$output_processor@DV?$string_output_adapter@D@__crt_stdio_output@@V?$standard_base@DV?$string_output_adapter@D@__crt_stdio_output@@@2@@__crt_stdio_output@@AEAA_NXZ 0000000180035400 f i libucrt:output.obj
 0001:0003461c       ?type_case_c_tchar@?$output_processor@DV?$stream_output_adapter@D@__crt_stdio_output@@V?$standard_base@DV?$stream_output_adapter@D@__crt_stdio_output@@@2@@__crt_stdio_output@@AEAA_ND@Z 000000018003561c f i libucrt:output.obj
 0001:0003461c       ?type_case_c_tchar@?$output_processor@DV?$string_output_adapter@D@__crt_stdio_output@@V?$standard_base@DV?$string_output_adapter@D@__crt_stdio_output@@@2@@__crt_stdio_output@@AEAA_ND@Z 000000018003561c f i libucrt:output.obj
 0001:000346d0       ?type_case_integer@?$output_processor@DV?$string_output_adapter@D@__crt_stdio_output@@V?$standard_base@DV?$string_output_adapter@D@__crt_stdio_output@@@2@@__crt_stdio_output@@AEAA_NI_N@Z 00000001800356d0 f i libucrt:output.obj
 0001:000346d0       ?type_case_integer@?$output_processor@DV?$stream_output_adapter@D@__crt_stdio_output@@V?$standard_base@DV?$stream_output_adapter@D@__crt_stdio_output@@@2@@__crt_stdio_output@@AEAA_NI_N@Z 00000001800356d0 f i libucrt:output.obj
 0001:00034870       ?type_case_n@?$output_processor@DV?$string_output_adapter@D@__crt_stdio_output@@V?$standard_base@DV?$string_output_adapter@D@__crt_stdio_output@@@2@@__crt_stdio_output@@AEAA_NXZ 0000000180035870 f i libucrt:output.obj
 0001:00034870       ?type_case_n@?$output_processor@DV?$stream_output_adapter@D@__crt_stdio_output@@V?$standard_base@DV?$stream_output_adapter@D@__crt_stdio_output@@@2@@__crt_stdio_output@@AEAA_NXZ 0000000180035870 f i libucrt:output.obj
 0001:0003494c       ?type_case_s@?$output_processor@DV?$string_output_adapter@D@__crt_stdio_output@@V?$standard_base@DV?$string_output_adapter@D@__crt_stdio_output@@@2@@__crt_stdio_output@@AEAA_NXZ 000000018003594c f i libucrt:output.obj
 0001:0003494c       ?type_case_s@?$output_processor@DV?$stream_output_adapter@D@__crt_stdio_output@@V?$standard_base@DV?$stream_output_adapter@D@__crt_stdio_output@@@2@@__crt_stdio_output@@AEAA_NXZ 000000018003594c f i libucrt:output.obj
 0001:000349dc       ?validate_stream_is_ansi_if_required@?$__acrt_stdio_char_traits@D@@SA_NQEAU_iobuf@@@Z 00000001800359dc f i libucrt:output.obj
 0001:00034a68       ?write_stored_string_tchar@?$output_processor@DV?$stream_output_adapter@D@__crt_stdio_output@@V?$standard_base@DV?$stream_output_adapter@D@__crt_stdio_output@@@2@@__crt_stdio_output@@AEAA_ND@Z 0000000180035a68 f i libucrt:output.obj
 0001:00034b40       ?write_stored_string_tchar@?$output_processor@DV?$string_output_adapter@D@__crt_stdio_output@@V?$standard_base@DV?$string_output_adapter@D@__crt_stdio_output@@@2@@__crt_stdio_output@@AEAA_ND@Z 0000000180035b40 f i libucrt:output.obj
 0001:00034c18       ?write_string@?$stream_output_adapter@D@__crt_stdio_output@@QEBAXQEBDHQEAH1@Z 0000000180035c18 f i libucrt:output.obj
 0001:00034d10       ?write_string@?$string_output_adapter@D@__crt_stdio_output@@QEBAXQEBDHQEAH1@Z 0000000180035d10 f i libucrt:output.obj
 0001:00034dcc       __stdio_common_vfprintf    0000000180035dcc f   libucrt:output.obj
 0001:00034e58       __stdio_common_vsprintf    0000000180035e58 f   libucrt:output.obj
 0001:0003508c       system                     000000018003608c f   libucrt:system.obj
 0001:000351c8       _get_fmode                 00000001800361c8 f   libucrt:setmode.obj
 0001:000351f8       _setmode                   00000001800361f8 f   libucrt:setmode.obj
 0001:000352f0       _setmode_nolock            00000001800362f0 f   libucrt:setmode.obj
 0001:000353e0       strncpy                    00000001800363e0 f   libucrt:strncpy.obj
 0001:00035544       rename                     0000000180036544 f   libucrt:rename.obj
 0001:00035664       _fileno                    0000000180036664 f   libucrt:fileno.obj
 0001:0003568c       ??$?RV<lambda_5d4c3fee44080f75d5d9762853974fe0>@@AEAV<lambda_532e024f4337e6fc7ad266c2bef9f4ed>@@V<lambda_c87bdc10097eb2402edb8ba9bdf0697b>@@@?$__crt_seh_guarded_call@_K@@QEAA_K$$QEAV<lambda_5d4c3fee44080f75d5d9762853974fe0>@@AEAV<lambda_532e024f4337e6fc7ad266c2bef9f4ed>@@$$QEAV<lambda_c87bdc10097eb2402edb8ba9bdf0697b>@@@Z 000000018003668c f i libucrt:fwrite.obj
 0001:00035730       _fwrite_nolock             0000000180036730 f   libucrt:fwrite.obj
 0001:000358cc       fwrite                     00000001800368cc f   libucrt:fwrite.obj
 0001:00035950       ??$is_overflow_condition@_K@__crt_strtox@@YA_NI_K@Z 0000000180036950 f i libucrt:input.obj
 0001:00035988       ??$make_input_adapter_character_source@V?$string_input_adapter@D@__crt_stdio_input@@@__crt_strtox@@YA?AV?$input_adapter_character_source@V?$string_input_adapter@D@__crt_stdio_input@@@0@QEAV?$string_input_adapter@D@__crt_stdio_input@@_KQEA_N@Z 0000000180036988 f i libucrt:input.obj
 0001:000359a8       ??$parse_floating_point@V?$input_adapter_character_source@V?$string_input_adapter@D@__crt_stdio_input@@@__crt_strtox@@M@__crt_strtox@@YA?AW4SLD_STATUS@@QEAU__crt_locale_pointers@@V?$input_adapter_character_source@V?$string_input_adapter@D@__crt_stdio_input@@@0@QEAM@Z 00000001800369a8 f i libucrt:input.obj
 0001:00035a50       ??$parse_floating_point@V?$input_adapter_character_source@V?$string_input_adapter@D@__crt_stdio_input@@@__crt_strtox@@N@__crt_strtox@@YA?AW4SLD_STATUS@@QEAU__crt_locale_pointers@@V?$input_adapter_character_source@V?$string_input_adapter@D@__crt_stdio_input@@@0@QEAN@Z 0000000180036a50 f i libucrt:input.obj
 0001:00035af8       ??$parse_floating_point_from_source@V?$input_adapter_character_source@V?$string_input_adapter@D@__crt_stdio_input@@@__crt_strtox@@@__crt_strtox@@YA?AW4floating_point_parse_result@0@QEAU__crt_locale_pointers@@AEAV?$input_adapter_character_source@V?$string_input_adapter@D@__crt_stdio_input@@@0@AEAUfloating_point_string@0@@Z 0000000180036af8 f i libucrt:input.obj
 0001:000362d8       ??$parse_floating_point_possible_infinity@DV?$input_adapter_character_source@V?$string_input_adapter@D@__crt_stdio_input@@@__crt_strtox@@_K@__crt_strtox@@YA?AW4floating_point_parse_result@0@AEADAEAV?$input_adapter_character_source@V?$string_input_adapter@D@__crt_stdio_input@@@0@_K@Z 00000001800372d8 f i libucrt:input.obj
 0001:00036488       ??$parse_floating_point_possible_nan@DV?$input_adapter_character_source@V?$string_input_adapter@D@__crt_stdio_input@@@__crt_strtox@@_K@__crt_strtox@@YA?AW4floating_point_parse_result@0@AEADAEAV?$input_adapter_character_source@V?$string_input_adapter@D@__crt_stdio_input@@@0@_K@Z 0000000180037488 f i libucrt:input.obj
 0001:000366f8       ??$parse_floating_point_possible_nan_is_ind@DV?$input_adapter_character_source@V?$string_input_adapter@D@__crt_stdio_input@@@__crt_strtox@@@__crt_strtox@@YA_NAEADAEAV?$input_adapter_character_source@V?$string_input_adapter@D@__crt_stdio_input@@@0@@Z 00000001800376f8 f i libucrt:input.obj
 0001:00036770       ??$parse_floating_point_possible_nan_is_snan@DV?$input_adapter_character_source@V?$string_input_adapter@D@__crt_stdio_input@@@__crt_strtox@@@__crt_strtox@@YA_NAEADAEAV?$input_adapter_character_source@V?$string_input_adapter@D@__crt_stdio_input@@@0@@Z 0000000180037770 f i libucrt:input.obj
 0001:000367e8       ??$parse_floating_point_write_result@M@__crt_strtox@@YA?AW4SLD_STATUS@@W4floating_point_parse_result@0@AEBUfloating_point_string@0@QEAM@Z 00000001800377e8 f i libucrt:input.obj
 0001:00036900       ??$parse_floating_point_write_result@N@__crt_strtox@@YA?AW4SLD_STATUS@@W4floating_point_parse_result@0@AEBUfloating_point_string@0@QEAN@Z 0000000180037900 f i libucrt:input.obj
 0001:00036a28       ??$parse_integer@_KV?$input_adapter_character_source@V?$string_input_adapter@D@__crt_stdio_input@@@__crt_strtox@@@__crt_strtox@@YA_KQEAU__crt_locale_pointers@@V?$input_adapter_character_source@V?$string_input_adapter@D@__crt_stdio_input@@@0@H_N@Z 0000000180037a28 f i libucrt:input.obj
 0001:00036ebc       ??$process_floating_point_specifier_t@M@?$input_processor@DV?$string_input_adapter@D@__crt_stdio_input@@@__crt_stdio_input@@AEAA_NXZ 0000000180037ebc f i libucrt:input.obj
 0001:00036f64       ??$process_floating_point_specifier_t@N@?$input_processor@DV?$string_input_adapter@D@__crt_stdio_input@@@__crt_stdio_input@@AEAA_NXZ 0000000180037f64 f i libucrt:input.obj
 0001:0003700c       ??$process_string_specifier_tchar@D@?$input_processor@DV?$string_input_adapter@D@__crt_stdio_input@@@__crt_stdio_input@@AEAA_NW4conversion_mode@1@D@Z 000000018003800c f i libucrt:input.obj
 0001:000371d4       ??$process_string_specifier_tchar@_W@?$input_processor@DV?$string_input_adapter@D@__crt_stdio_input@@@__crt_stdio_input@@AEAA_NW4conversion_mode@1@_W@Z 00000001800381d4 f i libucrt:input.obj
 0001:000373d4       ??$skip_whitespace@Vstring_input_adapter@__crt_stdio_input@@D@__crt_stdio_input@@YAHAEAV?$string_input_adapter@D@0@QEAU__crt_locale_pointers@@@Z 00000001800383d4 f i libucrt:input.obj
 0001:000374c4       ?advance@?$format_string_parser@D@__crt_stdio_input@@QEAA_NXZ 00000001800384c4 f i libucrt:input.obj
 0001:00037694       ?as_double@floating_point_value@__crt_strtox@@QEBAAEANXZ 0000000180038694 f i libucrt:input.obj
 0001:000376d0       ?as_float@floating_point_value@__crt_strtox@@QEBAAEAMXZ 00000001800386d0 f i libucrt:input.obj
 0001:0003770c       ?assemble_floating_point_value@__crt_strtox@@YA?AW4SLD_STATUS@@_KH_N1AEBVfloating_point_value@1@@Z 000000018003870c f i libucrt:input.obj
 0001:00037ac0       ?assemble_floating_point_value_from_big_integer@__crt_strtox@@YA?AW4SLD_STATUS@@AEBUbig_integer@1@I_N1AEBVfloating_point_value@1@@Z 0000000180038ac0 f i libucrt:input.obj
 0001:00037c4c       ?convert_decimal_string_to_floating_type_common@__crt_strtox@@YA?AW4SLD_STATUS@@AEBUfloating_point_string@1@AEBVfloating_point_value@1@@Z 0000000180038c4c f i libucrt:input.obj
 0001:00039a10       ?convert_hexadecimal_string_to_floating_type_common@__crt_strtox@@YA?AW4SLD_STATUS@@AEBUfloating_point_string@1@AEBVfloating_point_value@1@@Z 000000018003aa10 f i libucrt:input.obj
 0001:00039ac0       ?divide@__crt_strtox@@YA_KAEAUbig_integer@1@AEBU21@@Z 000000018003aac0 f i libucrt:input.obj
 0001:00039f90       ?length@?$format_string_parser@D@__crt_stdio_input@@QEBA_KXZ 000000018003af90 f i libucrt:input.obj
 0001:0003a02c       ?process@?$input_processor@DV?$string_input_adapter@D@__crt_stdio_input@@@__crt_stdio_input@@QEAAHXZ 000000018003b02c f i libucrt:input.obj
 0001:0003a11c       ?process_conversion_specifier@?$input_processor@DV?$string_input_adapter@D@__crt_stdio_input@@@__crt_stdio_input@@AEAA_NXZ 000000018003b11c f i libucrt:input.obj
 0001:0003a240       ?process_floating_point_specifier@?$input_processor@DV?$string_input_adapter@D@__crt_stdio_input@@@__crt_stdio_input@@AEAA_NXZ 000000018003b240 f i libucrt:input.obj
 0001:0003a2b0       ?process_integer_specifier@?$input_processor@DV?$string_input_adapter@D@__crt_stdio_input@@@__crt_stdio_input@@AEAA_NI_N@Z 000000018003b2b0 f i libucrt:input.obj
 0001:0003a360       ?process_literal_character_tchar@?$input_processor@DV?$string_input_adapter@D@__crt_stdio_input@@@__crt_stdio_input@@AEAA_ND@Z 000000018003b360 f i libucrt:input.obj
 0001:0003a3ec       ?process_state@?$input_processor@DV?$string_input_adapter@D@__crt_stdio_input@@@__crt_stdio_input@@AEAA_NXZ 000000018003b3ec f i libucrt:input.obj
 0001:0003a4a0       ?process_string_specifier@?$input_processor@DV?$string_input_adapter@D@__crt_stdio_input@@@__crt_stdio_input@@AEAA_NW4conversion_mode@2@@Z 000000018003b4a0 f i libucrt:input.obj
 0001:0003a52c       ?scan_conversion_specifier@?$format_string_parser@D@__crt_stdio_input@@AEAA_NXZ 000000018003b52c f i libucrt:input.obj
 0001:0003a6e8       ?scan_optional_field_width@?$format_string_parser@D@__crt_stdio_input@@AEAA_NXZ 000000018003b6e8 f i libucrt:input.obj
 0001:0003a790       ?scan_optional_length_modifier@?$format_string_parser@D@__crt_stdio_input@@AEAAXXZ 000000018003b790 f i libucrt:input.obj
 0001:0003a8bc       ?scan_scanset_range@?$format_string_parser@D@__crt_stdio_input@@AEAA_NXZ 000000018003b8bc f i libucrt:input.obj
 0001:0003aa50       ?write_character@?$input_processor@DV?$string_input_adapter@D@__crt_stdio_input@@@__crt_stdio_input@@AEAA_NQEFA_W_KAEAPEFA_WAEA_KD@Z 000000018003ba50 f i libucrt:input.obj
 0001:0003aaec       ?write_integer@?$input_processor@DV?$string_input_adapter@D@__crt_stdio_input@@@__crt_stdio_input@@AEAA_N_K_N@Z 000000018003baec f i libucrt:input.obj
 0001:0003ab70       __stdio_common_vsscanf     000000018003bb70 f   libucrt:input.obj
 0001:0003ad40       __acrt_call_reportfault    000000018003bd40 f   libucrt:invalid_parameter.obj
 0001:0003ae9c       __acrt_initialize_invalid_parameter_handler 000000018003be9c f   libucrt:invalid_parameter.obj
 0001:0003aea4       _invalid_parameter         000000018003bea4 f   libucrt:invalid_parameter.obj
 0001:0003af4c       _invalid_parameter_noinfo  000000018003bf4c f   libucrt:invalid_parameter.obj
 0001:0003af6c       _invalid_parameter_noinfo_noreturn 000000018003bf6c f   libucrt:invalid_parameter.obj
 0001:0003af9c       _invoke_watson             000000018003bf9c f   libucrt:invalid_parameter.obj
 0001:0003b1dc       _dupenv_s                  000000018003c1dc f   libucrt:getenv.obj
 0001:0003b1fc       getenv                     000000018003c1fc f   libucrt:getenv.obj
 0001:0003b204       __ascii_stricmp            000000018003c204 f   libucrt:stricmp.obj
 0001:0003b240       _stricmp                   000000018003c240 f   libucrt:stricmp.obj
 0001:0003b288       _stricmp_l                 000000018003c288 f   libucrt:stricmp.obj
 0001:0003b33c       __acrt_initialize_new_handler 000000018003c33c f   libucrt:new_handler.obj
 0001:0003b344       _callnewh                  000000018003c344 f   libucrt:new_handler.obj
 0001:0003b384       _query_new_handler         000000018003c384 f   libucrt:new_handler.obj
 0001:0003b3b8       malloc                     000000018003c3b8 f   libucrt:malloc.obj
 0001:0003b3c0       _seh_filter_dll            000000018003c3c0 f   libucrt:exception_filter.obj
 0001:0003b3d4       _seh_filter_exe            000000018003c3d4 f   libucrt:exception_filter.obj
 0001:0003b794       __acrt_initialize_thread_local_exit_callback 000000018003c794 f   libucrt:exit.obj
 0001:0003b79c       _cexit                     000000018003c79c f   libucrt:exit.obj
 0001:0003b7ac       _exit                      000000018003c7ac f   libucrt:exit.obj
 0001:0003b7b8       _is_c_termination_complete 000000018003c7b8 f   libucrt:exit.obj
 0001:0003b97c       __acrt_allocate_buffer_for_argv 000000018003c97c f   libucrt:argv_parsing.obj
 0001:0003b9e0       _configure_narrow_argv     000000018003c9e0 f   libucrt:argv_parsing.obj
 0001:0003be58       __dcrt_get_or_create_narrow_environment_nolock 000000018003ce58 f   libucrt:environment_initialization.obj
 0001:0003be60       __dcrt_uninitialize_environments_nolock 000000018003ce60 f   libucrt:environment_initialization.obj
 0001:0003be98       _initialize_narrow_environment 000000018003ce98 f   libucrt:environment_initialization.obj
 0001:0003bea0       ??$?RV<lambda_b8c45f8f788dd370798f47cfe8ac3a86>@@AEAV<lambda_4e60a939b0d047cfe11ddc22648dfba9>@@V<lambda_332c3edc96d0294ec56c57d38c1cdfd5>@@@?$__crt_seh_guarded_call@H@@QEAAH$$QEAV<lambda_b8c45f8f788dd370798f47cfe8ac3a86>@@AEAV<lambda_4e60a939b0d047cfe11ddc22648dfba9>@@$$QEAV<lambda_332c3edc96d0294ec56c57d38c1cdfd5>@@@Z 000000018003cea0 f i libucrt:onexit.obj
 0001:0003bedc       ??$?RV<lambda_e24bbb7b643b32fcea6fa61b31d4c984>@@AEAV<lambda_275893d493268fdec8709772e3fcec0e>@@V<lambda_9d71df4d7cf3f480f8d633942495c3b0>@@@?$__crt_seh_guarded_call@H@@QEAAH$$QEAV<lambda_e24bbb7b643b32fcea6fa61b31d4c984>@@AEAV<lambda_275893d493268fdec8709772e3fcec0e>@@$$QEAV<lambda_9d71df4d7cf3f480f8d633942495c3b0>@@@Z 000000018003cedc f i libucrt:onexit.obj
 0001:0003c258       _crt_atexit                000000018003d258 f   libucrt:onexit.obj
 0001:0003c268       _execute_onexit_table      000000018003d268 f   libucrt:onexit.obj
 0001:0003c2a4       _initialize_onexit_table   000000018003d2a4 f   libucrt:onexit.obj
 0001:0003c2e4       _register_onexit_function  000000018003d2e4 f   libucrt:onexit.obj
 0001:0003c364       __acrt_uninitialize_command_line 000000018003d364 f   libucrt:argv_data.obj
 0001:0003c464       __acrt_initialize          000000018003d464 f   libucrt:initialization.obj
 0001:0003c478       __acrt_thread_attach       000000018003d478 f   libucrt:initialization.obj
 0001:0003c48c       __acrt_thread_detach       000000018003d48c f   libucrt:initialization.obj
 0001:0003c49c       __acrt_uninitialize        000000018003d49c f   libucrt:initialization.obj
 0001:0003c4b0       __acrt_uninitialize_critical 000000018003d4b0 f   libucrt:initialization.obj
 0001:0003c4c0       free                       000000018003d4c0 f   libucrt:free.obj
 0001:0003c4c8       _initterm                  000000018003d4c8 f   libucrt:initterm.obj
 0001:0003c540       _initterm_e                000000018003d540 f   libucrt:initterm.obj
 0001:0003c58c       terminate                  000000018003d58c f   libucrt:terminate.obj
 0001:0003c5b4       strcpy_s                   000000018003d5b4 f   libucrt:strcpy_s.obj
 0001:0003c614       _free_base                 000000018003d614 f   libucrt:free_base.obj
 0001:0003c654       _malloc_base               000000018003d654 f   libucrt:malloc_base.obj
 0001:0003c6b4       abort                      000000018003d6b4 f   libucrt:abort.obj
 0001:0003c70c       _calloc_base               000000018003d70c f   libucrt:calloc_base.obj
 0001:0003c784       ??$is_overflow_condition@K@__crt_strtox@@YA_NIK@Z 000000018003d784 f i libucrt:atox.obj
 0001:0003c7b0       ??$parse_integer@KV?$c_string_character_source@D@__crt_strtox@@@__crt_strtox@@YAKQEAU__crt_locale_pointers@@V?$c_string_character_source@D@0@H_N@Z 000000018003d7b0 f i libucrt:atox.obj
 0001:0003cac4       ??$parse_integer@_KV?$c_string_character_source@D@__crt_strtox@@@__crt_strtox@@YA_KQEAU__crt_locale_pointers@@V?$c_string_character_source@D@0@H_N@Z 000000018003dac4 f i libucrt:atox.obj
 0001:0003cdf8       __acrt_errno_from_os_error 000000018003ddf8 f   libucrt:errno.obj
 0001:0003ce40       __acrt_errno_map_os_error  000000018003de40 f   libucrt:errno.obj
 0001:0003ce90       __doserrno                 000000018003de90 f   libucrt:errno.obj
 0001:0003ceb0       _errno                     000000018003deb0 f   libucrt:errno.obj
 0001:0003cfd4       __acrt_stdio_flush_and_write_narrow_nolock 000000018003dfd4 f   libucrt:_flsbuf.obj
 0001:0003d2a4       __acrt_initialize_lowio    000000018003e2a4 f   libucrt:ioinit.obj
 0001:0003d2e0       __acrt_uninitialize_lowio  000000018003e2e0 f   libucrt:ioinit.obj
 0001:0003d320       ??$?RV<lambda_46352004c1216016012b18bd6f87e700>@@AEAV<lambda_3bd07e1a1191394380780325891bf33f>@@V<lambda_334532d3f185bcaa59b5be82d7d22bff>@@@?$__crt_seh_guarded_call@X@@QEAAX$$QEAV<lambda_46352004c1216016012b18bd6f87e700>@@AEAV<lambda_3bd07e1a1191394380780325891bf33f>@@$$QEAV<lambda_334532d3f185bcaa59b5be82d7d22bff>@@@Z 000000018003e320 f i libucrt:per_thread_data.obj
 0001:0003d380       ??$?RV<lambda_5e887d1dcbef67a5eb4283622ba103bf>@@AEAV<lambda_4466841279450cc726390878d4a41900>@@V<lambda_341c25c0346d94847f1f3c463c57e077>@@@?$__crt_seh_guarded_call@X@@QEAAX$$QEAV<lambda_5e887d1dcbef67a5eb4283622ba103bf>@@AEAV<lambda_4466841279450cc726390878d4a41900>@@$$QEAV<lambda_341c25c0346d94847f1f3c463c57e077>@@@Z 000000018003e380 f i libucrt:per_thread_data.obj
 0001:0003d3c8       ??$?RV<lambda_72d1df2b273a38828b1ce30cbf4cdab5>@@AEAV<lambda_876a65b173b8412d3a47c70a915b0cf4>@@V<lambda_41932305e351933ebe8f8be3ed8bb5dc>@@@?$__crt_seh_guarded_call@X@@QEAAX$$QEAV<lambda_72d1df2b273a38828b1ce30cbf4cdab5>@@AEAV<lambda_876a65b173b8412d3a47c70a915b0cf4>@@$$QEAV<lambda_41932305e351933ebe8f8be3ed8bb5dc>@@@Z 000000018003e3c8 f i libucrt:per_thread_data.obj
 0001:0003d408       ??$?RV<lambda_fb3a7dec4e47f37f22dae91bb15c9095>@@AEAV<lambda_698284760c8add0bfb0756c19673e34b>@@V<lambda_dfb8eca1e75fef3034a8fb18dd509707>@@@?$__crt_seh_guarded_call@X@@QEAAX$$QEAV<lambda_fb3a7dec4e47f37f22dae91bb15c9095>@@AEAV<lambda_698284760c8add0bfb0756c19673e34b>@@$$QEAV<lambda_dfb8eca1e75fef3034a8fb18dd509707>@@@Z 000000018003e408 f i libucrt:per_thread_data.obj
 0001:0003d698       __acrt_freeptd             000000018003e698 f   libucrt:per_thread_data.obj
 0001:0003d6dc       __acrt_getptd              000000018003e6dc f   libucrt:per_thread_data.obj
 0001:0003d770       __acrt_getptd_noexit       000000018003e770 f   libucrt:per_thread_data.obj
 0001:0003d810       __acrt_initialize_ptd      000000018003e810 f   libucrt:per_thread_data.obj
 0001:0003d84c       __acrt_uninitialize_ptd    000000018003e84c f   libucrt:per_thread_data.obj
 0001:0003d870       ?__acrt_stdio_allocate_stream@@YA?AV__crt_stdio_stream@@XZ 000000018003e870 f   libucrt:stream.obj
 0001:0003d8cc       ?__acrt_stdio_free_stream@@YAXV__crt_stdio_stream@@@Z 000000018003e8cc f   libucrt:stream.obj
 0001:0003d9fc       ??$__acrt_stdio_parse_mode@D@@YA?AU__acrt_stdio_stream_mode@@QEBD@Z 000000018003e9fc f i libucrt:openfile.obj
 0001:0003dc98       _openfile                  000000018003ec98 f   libucrt:openfile.obj
 0001:0003ded4       __acrt_AreFileApisANSI     000000018003eed4 f   libucrt:winapi_thunks.obj
 0001:0003df20       __acrt_CompareStringEx     000000018003ef20 f   libucrt:winapi_thunks.obj
 0001:0003e010       __acrt_FlsAlloc            000000018003f010 f   libucrt:winapi_thunks.obj
 0001:0003e068       __acrt_FlsFree             000000018003f068 f   libucrt:winapi_thunks.obj
 0001:0003e0c0       __acrt_FlsGetValue         000000018003f0c0 f   libucrt:winapi_thunks.obj
 0001:0003e118       __acrt_FlsSetValue         000000018003f118 f   libucrt:winapi_thunks.obj
 0001:0003e180       __acrt_InitializeCriticalSectionEx 000000018003f180 f   libucrt:winapi_thunks.obj
 0001:0003e1f8       __acrt_LCMapStringEx       000000018003f1f8 f   libucrt:winapi_thunks.obj
 0001:0003e2e8       __acrt_LocaleNameToLCID    000000018003f2e8 f   libucrt:winapi_thunks.obj
 0001:0003e350       __acrt_initialize_winapi_thunks 000000018003f350 f   libucrt:winapi_thunks.obj
 0001:0003e388       __acrt_is_packaged_app     000000018003f388 f   libucrt:winapi_thunks.obj
 0001:0003e410       __acrt_uninitialize_winapi_thunks 000000018003f410 f   libucrt:winapi_thunks.obj
 0001:0003e454       _fcloseall                 000000018003f454 f   libucrt:closeall.obj
 0001:0003e508       __acrt_stdio_flush_nolock  000000018003f508 f   libucrt:fflush.obj
 0001:0003e580       _fflush_nolock             000000018003f580 f   libucrt:fflush.obj
 0001:0003e5cc       _flushall                  000000018003f5cc f   libucrt:fflush.obj
 0001:0003e6bc       __acrt_stdio_free_buffer_nolock 000000018003f6bc f   libucrt:_freebuf.obj
 0001:0003e6fc       ??$?RV<lambda_bfedae4ebbf01fab1bb6dcc6a9e276e0>@@AEAV<lambda_2fe9b910cf3cbf4a0ab98a02ba45b3ec>@@V<lambda_237c231691f317818eb88cc1d5d642d6>@@@?$__crt_seh_guarded_call@H@@QEAAH$$QEAV<lambda_bfedae4ebbf01fab1bb6dcc6a9e276e0>@@AEAV<lambda_2fe9b910cf3cbf4a0ab98a02ba45b3ec>@@$$QEAV<lambda_237c231691f317818eb88cc1d5d642d6>@@@Z 000000018003f6fc f i libucrt:close.obj
 0001:0003e770       _close                     000000018003f770 f   libucrt:close.obj
 0001:0003e814       _close_nolock              000000018003f814 f   libucrt:close.obj
 0001:0003e8d0       __acrt_copy_path_to_wide_string 000000018003f8d0 f   libucrt:string_utilities.obj
 0001:0003e9c8       _wremove                   000000018003f9c8 f   libucrt:wunlink.obj
 0001:0003e9f0       isdigit                    000000018003f9f0 f i libucrt:_ctype.obj
 0001:0003ea64       isspace                    000000018003fa64 f i libucrt:_ctype.obj
 0001:0003eb28       _tolower_l                 000000018003fb28 f   libucrt:tolower_toupper.obj
 0001:0003ec68       tolower                    000000018003fc68 f   libucrt:tolower_toupper.obj
 0001:0003ec94       ??$make_c_string_character_source@DPEAPEAD@__crt_strtox@@YA?AV?$c_string_character_source@D@0@QEBDQEAPEAD@Z 000000018003fc94 f i libucrt:strtox.obj
 0001:0003eca8       strtol                     000000018003fca8 f   libucrt:strtox.obj
 0001:0003ecd8       strtoull                   000000018003fcd8 f   libucrt:strtox.obj
 0001:0003ed08       _mbtowc_l                  000000018003fd08 f   libucrt:mbtowc.obj
 0001:0003ee50       mbtowc                     000000018003fe50 f   libucrt:mbtowc.obj
 0001:0003ee58       _wctomb_s_l                000000018003fe58 f   libucrt:wctomb.obj
 0001:0003efdc       wctomb_s                   000000018003ffdc f   libucrt:wctomb.obj
 0001:0003eff0       strnlen                    000000018003fff0 f   libucrt:strnlen.obj
 0001:0003f14c       wcsnlen                    000000018004014c f   libucrt:strnlen.obj
 0001:0003f33c       __acrt_update_locale_info  000000018004033c f   libucrt:locale_update.obj
 0001:0003f370       __acrt_update_multibyte_info 0000000180040370 f   libucrt:locale_update.obj
 0001:0003f3a4       ?__acrt_fp_classify@@YA?AW4__acrt_fp_class@@AEBN@Z 00000001800403a4 f i libucrt:cvt.obj
 0001:0003fddc       __acrt_fp_format           0000000180040ddc f   libucrt:cvt.obj
 0001:00040020       _get_printf_count_output   0000000180041020 f   libucrt:printf_count_output.obj
 0001:00040038       __acrt_stdio_begin_temporary_buffering_nolock 0000000180041038 f   libucrt:_sftbuf.obj
 0001:00040108       __acrt_stdio_end_temporary_buffering_nolock 0000000180041108 f   libucrt:_sftbuf.obj
 0001:00040144       __acrt_set_locale_changed  0000000180041144 f   libucrt:wsetlocale.obj
 0001:00040150       __acrt_uninitialize_locale 0000000180041150 f   libucrt:wsetlocale.obj
 0001:00040198       ??$?RV<lambda_fb01e4b6cb0b58be62120d2a518119ce>@@AEAV<lambda_45edfab556fcff821d8a41c06e3d46c0>@@V<lambda_8a9bf702b7f902ca2f9107a173e0fbe3>@@@?$__crt_seh_guarded_call@_N@@QEAA_N$$QEAV<lambda_fb01e4b6cb0b58be62120d2a518119ce>@@AEAV<lambda_45edfab556fcff821d8a41c06e3d46c0>@@$$QEAV<lambda_8a9bf702b7f902ca2f9107a173e0fbe3>@@@Z 0000000180041198 f i libucrt:spawnv.obj
 0001:00040890       _spawnve                   0000000180041890 f   libucrt:spawnv.obj
 0001:00040bc4       _spawnvpe                  0000000180041bc4 f   libucrt:spawnvp.obj
 0001:00040bcc       _waccess_s                 0000000180041bcc f   libucrt:waccess.obj
 0001:00040c78       _access_s                  0000000180041c78 f   libucrt:access.obj
 0001:00040cc8       __acrt_lowio_create_handle_array 0000000180041cc8 f   libucrt:osfinfo.obj
 0001:00040d60       __acrt_lowio_destroy_handle_array 0000000180041d60 f   libucrt:osfinfo.obj
 0001:00040db0       __acrt_lowio_ensure_fh_exists 0000000180041db0 f   libucrt:osfinfo.obj
 0001:00040e68       __acrt_lowio_lock_fh       0000000180041e68 f   libucrt:osfinfo.obj
 0001:00040e8c       __acrt_lowio_set_os_handle 0000000180041e8c f   libucrt:osfinfo.obj
 0001:00040f4c       __acrt_lowio_unlock_fh     0000000180041f4c f   libucrt:osfinfo.obj
 0001:00040f70       _alloc_osfhnd              0000000180041f70 f   libucrt:osfinfo.obj
 0001:000410a0       _free_osfhnd               00000001800420a0 f   libucrt:osfinfo.obj
 0001:0004115c       _get_osfhandle             000000018004215c f   libucrt:osfinfo.obj
 0001:000411d4       _wrename                   00000001800421d4 f   libucrt:wrename.obj
 0001:000417a4       _write                     00000001800427a4 f   libucrt:write.obj
 0001:00041890       _write_nolock              0000000180042890 f   libucrt:write.obj
 0001:00041b74       __pctype_func              0000000180042b74 f   libucrt:ctype.obj
 0001:00041ba4       _isctype_l                 0000000180042ba4 f   libucrt:isctype.obj
 0001:00041cb4       fegetround                 0000000180042cb4 f   libucrt:fegetround.obj
 0001:00041cc8       calloc                     0000000180042cc8 f   libucrt:calloc.obj
 0001:00041cd0       _strnicoll                 0000000180042cd0 f   libucrt:strnicol.obj
 0001:00041ce8       _strnicoll_l               0000000180042ce8 f   libucrt:strnicol.obj
 0001:00041de8       __acrt_initialize_locks    0000000180042de8 f   libucrt:locks.obj
 0001:00041e30       __acrt_lock                0000000180042e30 f   libucrt:locks.obj
 0001:00041e4c       __acrt_uninitialize_locks  0000000180042e4c f   libucrt:locks.obj
 0001:00041e84       __acrt_unlock              0000000180042e84 f   libucrt:locks.obj
 0001:0004237c       ?expand_if_necessary@?$argument_list@D@?A0xca0879c4@@AEAAHXZ 000000018004337c f i libucrt:argv_wildcards.obj
 0001:00042444       __acrt_expand_narrow_argv_wildcards 0000000180043444 f   libucrt:argv_wildcards.obj
 0001:0004244c       ??$?RV<lambda_99476a1ad63dd22509b5d3e65b0ffc95>@@AEAV<lambda_ad1ced32f4ac17aa236e5ef05d6b3b7c>@@V<lambda_f7424dd8d45958661754dc4f2697e9c3>@@@?$__crt_seh_guarded_call@X@@QEAAX$$QEAV<lambda_99476a1ad63dd22509b5d3e65b0ffc95>@@AEAV<lambda_ad1ced32f4ac17aa236e5ef05d6b3b7c>@@$$QEAV<lambda_f7424dd8d45958661754dc4f2697e9c3>@@@Z 000000018004344c f i libucrt:mbctype.obj
 0001:00042b48       __acrt_initialize_multibyte 0000000180043b48 f   libucrt:mbctype.obj
 0001:00042b70       __acrt_update_thread_multibyte_data 0000000180043b70 f   libucrt:mbctype.obj
 0001:00042c30       _setmbcp_nolock            0000000180043c30 f   libucrt:mbctype.obj
 0001:00042f50       _ismbblead                 0000000180043f50 f   libucrt:ismbbyte.obj
 0001:00042f64       __acrt_initialize_command_line 0000000180043f64 f   libucrt:argv_data.obj
 0001:00042f8c       __dcrt_get_narrow_environment_from_os 0000000180043f8c f   libucrt:get_environment_from_os.obj
 0001:0004346c       __dcrt_set_variable_in_narrow_environment_nolock 000000018004446c f   libucrt:setenv.obj
 0001:00043474       _recalloc                  0000000180044474 f   libucrt:recalloc.obj
 0001:0004347c       _recalloc_base             000000018004447c f   libucrt:recalloc.obj
 0001:00043514       __acrt_initialize_heap     0000000180044514 f   libucrt:heap_handle.obj
 0001:00043530       __acrt_uninitialize_heap   0000000180044530 f   libucrt:heap_handle.obj
 0001:0004353c       __acrt_execute_initializers 000000018004453c f   libucrt:shared_initialization.obj
 0001:000435d0       __acrt_execute_uninitializers 00000001800445d0 f   libucrt:shared_initialization.obj
 0001:00043620       ??$?RV<lambda_c36588078e9f5dfd39652860aa6b3aaf>@@AEAV<lambda_ec61778202f4f5fc7e7711acc23c3bca>@@V<lambda_dc9d2797ccde5d239b4a0efae8ebd7db>@@@?$__crt_seh_guarded_call@P6AXH@Z@@QEAAP6AXH@Z$$QEAV<lambda_c36588078e9f5dfd39652860aa6b3aaf>@@AEAV<lambda_ec61778202f4f5fc7e7711acc23c3bca>@@$$QEAV<lambda_dc9d2797ccde5d239b4a0efae8ebd7db>@@@Z 0000000180044620 f i libucrt:signal.obj
 0001:00043668       __acrt_get_sigabrt_handler 0000000180044668 f   libucrt:signal.obj
 0001:00043698       __acrt_initialize_signal_handlers 0000000180044698 f   libucrt:signal.obj
 0001:000436b8       raise                      00000001800446b8 f   libucrt:signal.obj
 0001:00043954       __acrt_has_user_matherr    0000000180044954 f   libucrt:matherr.obj
 0001:00043974       __acrt_initialize_user_matherr 0000000180044974 f   libucrt:matherr.obj
 0001:0004397c       __acrt_invoke_user_matherr 000000018004497c f   libucrt:matherr.obj
 0001:000439c4       _query_new_mode            00000001800449c4 f   libucrt:new_mode.obj
 0001:000439cc       _isatty                    00000001800449cc f   libucrt:isatty.obj
 0001:00043bb8       _lseeki64                  0000000180044bb8 f   libucrt:lseek.obj
 0001:00043bc0       _lseeki64_nolock           0000000180044bc0 f   libucrt:lseek.obj
 0001:00043bc8       __acrt_stdio_allocate_buffer_nolock 0000000180044bc8 f   libucrt:_getbuf.obj
 0001:00043c2c       __acrt_add_locale_ref      0000000180044c2c f   libucrt:locale_refcounting.obj
 0001:00043cb8       __acrt_free_locale         0000000180044cb8 f   libucrt:locale_refcounting.obj
[...]
 0004:00002b74       $pdata$__GSHandlerCheckCommon 0000000180080b74     LIBCMT:_gshandler_.obj
 0004:00002b8c       $pdata$strrchr             0000000180080b8c     libvcruntime:strrchr.obj
 0004:00002ba4       $pdata$__GSHandlerCheck_EH 0000000180080ba4     LIBCMT:gshandlereh.obj
 0004:00002bb0       $pdata$?_ExecutionInCatch@@YAHPEAU_xDISPATCHER_CONTEXT@@PEBU_s_FuncInfo@@@Z 0000000180080bb0     libvcruntime:trnsctrl.obj
 0004:00002bbc       $pdata$?_GetEstablisherFrame@@YAPEA_KPEA_KPEAU_xDISPATCHER_CONTEXT@@PEBU_s_FuncInfo@@0@Z 0000000180080bbc     libvcruntime:trnsctrl.obj
 0004:00002bc8       $pdata$?_GetRangeOfTrysToCheck@@YAPEBU_s_TryBlockMapEntry@@PEA_KPEBU_s_FuncInfo@@HHPEAI2PEAU_xDISPATCHER_CONTEXT@@@Z 0000000180080bc8     libvcruntime:trnsctrl.obj
 0004:00002bd4       $pdata$?__FrameUnwindToEmptyState@@YAXPEA_KPEAU_xDISPATCHER_CONTEXT@@PEBU_s_FuncInfo@@@Z 0000000180080bd4     libvcruntime:trnsctrl.obj
 0004:00002be0       $pdata$?__SehTransFilter@@YAHPEAU_EXCEPTION_POINTERS@@PEAUEHExceptionRecord@@PEA_KPEAU_CONTEXT@@PEAU_xDISPATCHER_CONTEXT@@PEBU_s_FuncInfo@@PEAH@Z 0000000180080be0     libvcruntime:trnsctrl.obj
 0004:00002bec       $pdata$_CallSETranslator   0000000180080bec     libvcruntime:trnsctrl.obj
 0004:00002bf8       $pdata$_CreateFrameInfo    0000000180080bf8     libvcruntime:trnsctrl.obj
 0004:00002c04       $pdata$_FindAndUnlinkFrame 0000000180080c04     libvcruntime:trnsctrl.obj
 0004:00002c10       $pdata$_GetImageBase       0000000180080c10     libvcruntime:trnsctrl.obj
 0004:00002c1c       $pdata$_GetThrowImageBase  0000000180080c1c     libvcruntime:trnsctrl.obj
 0004:00002c28       $pdata$_IsExceptionObjectToBeDestroyed 0000000180080c28     libvcruntime:trnsctrl.obj
 0004:00002c34       $pdata$_SetImageBase       0000000180080c34     libvcruntime:trnsctrl.obj
 0004:00002c40       $pdata$_SetThrowImageBase  0000000180080c40     libvcruntime:trnsctrl.obj
 0004:00002c4c       $pdata$_UnwindNestedFrames 0000000180080c4c     libvcruntime:trnsctrl.obj
 0004:00002c58       $pdata$__CxxFrameHandler3  0000000180080c58     libvcruntime:trnsctrl.obj
 0004:00002c64       $pdata$?__GetCurrentState@@YAHPEA_KPEAU_xDISPATCHER_CONTEXT@@PEBU_s_FuncInfo@@@Z 0000000180080c64     libvcruntime:ehstate.obj
 0004:00002c70       $pdata$?__GetUnwindTryBlock@@YAHPEA_KPEAU_xDISPATCHER_CONTEXT@@PEBU_s_FuncInfo@@@Z 0000000180080c70     libvcruntime:ehstate.obj
 0004:00002c7c       $pdata$?__SetUnwindTryBlock@@YAXPEA_KPEAU_xDISPATCHER_CONTEXT@@PEBU_s_FuncInfo@@H@Z 0000000180080c7c     libvcruntime:ehstate.obj
 0004:00002c88       $pdata$?__StateFromIp@@YAHPEBU_s_FuncInfo@@PEAU_xDISPATCHER_CONTEXT@@_J@Z 0000000180080c88     libvcruntime:ehstate.obj
 0004:00002c94       $pdata$__DestructExceptionObject 0000000180080c94     libvcruntime:frame.obj
 0004:00002ca0       $pdata$??0bad_exception@std@@QEAA@AEBV01@@Z 0000000180080ca0     libvcruntime:frame.obj
 0004:00002cac       $pdata$?CatchIt@@YAXPEAUEHExceptionRecord@@PEA_KPEAU_CONTEXT@@PEAU_xDISPATCHER_CONTEXT@@PEBU_s_FuncInfo@@PEBU_s_HandlerType@@PEBU_s_CatchableType@@PEBU_s_TryBlockMapEntry@@H1EE@Z 0000000180080cac     libvcruntime:frame.obj
 0004:00002cb8       $pdata$?ExFilterRethrow@@YAHPEAU_EXCEPTION_POINTERS@@PEAUEHExceptionRecord@@PEAH@Z 0000000180080cb8     libvcruntime:frame.obj
 0004:00002cc4       $pdata$?FindHandler@@YAXPEAUEHExceptionRecord@@PEA_KPEAU_CONTEXT@@PEAU_xDISPATCHER_CONTEXT@@PEBU_s_FuncInfo@@EH1@Z 0000000180080cc4     libvcruntime:frame.obj
 0004:00002cd0       $pdata$?FindHandlerForForeignException@@YAXPEAUEHExceptionRecord@@PEA_KPEAU_CONTEXT@@PEAU_xDISPATCHER_CONTEXT@@PEBU_s_FuncInfo@@HH1@Z 0000000180080cd0     libvcruntime:frame.obj
 0004:00002cdc       $pdata$?IsInExceptionSpec@@YAEPEAUEHExceptionRecord@@PEBU_s_ESTypeList@@@Z 0000000180080cdc     libvcruntime:frame.obj
 0004:00002ce8       $pdata$__BuildCatchObject  0000000180080ce8     libvcruntime:frame.obj
 0004:00002cf4       $pdata$__BuildCatchObjectHelper 0000000180080cf4     libvcruntime:frame.obj
 0004:00002d00       $pdata$__CxxCallCatchBlock 0000000180080d00     libvcruntime:frame.obj
 0004:00002d0c       $pdata$__FrameUnwindFilter 0000000180080d0c     libvcruntime:frame.obj
 0004:00002d18       $pdata$__FrameUnwindToState 0000000180080d18     libvcruntime:frame.obj
 0004:00002d24       $pdata$__InternalCxxFrameHandler 0000000180080d24     libvcruntime:frame.obj
 0004:00002d30       $pdata$__TypeMatch         0000000180080d30     libvcruntime:frame.obj
 0004:00002db4       $pdata$_sincosf_special    0000000180080db4     libucrt:sincos_special.obj
 0004:00002dc0       $pdata$_exp_special        0000000180080dc0     libucrt:exp_special.obj
 0004:00002dcc       $pdata$_expf_special       0000000180080dcc     libucrt:exp_special.obj
 0004:00002df0       $pdata$?catch$0@?0???0CImgInstanceException@cimg_library@@QEAA@QEBDZZ@4HA 0000000180080df0     cap.obj
 0004:00002dfc       $pdata$?catch$0@?0???0CImgArgumentException@cimg_library@@QEAA@QEBDZZ@4HA 0000000180080dfc     cap.obj
 0004:00002e08       $pdata$?catch$0@?0???0CImgIOException@cimg_library@@QEAA@QEBDZZ@4HA 0000000180080e08     cap.obj
 0004:00002e14       $pdata$?catch$0@?0???0?$CImg@E@cimg_library@@QEAA@AEBU01@@Z@4HA 0000000180080e14     cap.obj
 0004:00002e20       $pdata$?catch$0@?0???0?$CImg@E@cimg_library@@QEAA@IIIIE@Z@4HA 0000000180080e20     cap.obj
 0004:00002e2c       $pdata$?catch$0@?0???0?$CImg@E@cimg_library@@QEAA@IIII@Z@4HA 0000000180080e2c     cap.obj
 0004:00002e38       $pdata$?catch$2@?0??save_other@?$CImg@E@cimg_library@@QEBAAEBU12@QEBDI@Z@4HA 0000000180080e38     cap.obj
 0004:00002e44       $pdata$?catch$1@?0??save_other@?$CImg@E@cimg_library@@QEBAAEBU12@QEBDI@Z@4HA 0000000180080e44     cap.obj
 0004:00002e50       $pdata$?catch$0@?0??save_other@?$CImg@E@cimg_library@@QEBAAEBU12@QEBDI@Z@4HA 0000000180080e50     cap.obj
 0004:00002e5c       $pdata$?catch$0@?0???0?$CImg@E@cimg_library@@QEAA@AEBU01@_N@Z@4HA 0000000180080e5c     cap.obj
 0004:00002e68       $pdata$?catch$0@?0???0?$CImg@I@cimg_library@@QEAA@IIII@Z@4HA 0000000180080e68     cap.obj
 0004:00002e74       $pdata$?catch$0@?0??assign@?$CImg@D@cimg_library@@QEAAAEAU12@QEBDIIII@Z@4HA 0000000180080e74     cap.obj
 0004:00002e80       $pdata$?catch$0@?0???0?$CImg@M@cimg_library@@QEAA@IIIIM@Z@4HA 0000000180080e80     cap.obj
 0004:00002e8c       $pdata$?catch$0@?0???0?$CImg@M@cimg_library@@QEAA@IIII@Z@4HA 0000000180080e8c     cap.obj
 0004:00002e98       $pdata$?catch$0@?0??assign@?$CImg@E@cimg_library@@QEAAAEAU12@IIII@Z@4HA 0000000180080e98     cap.obj
 0004:00002ea4       $pdata$?catch$0@?0???0?$CImg@K@cimg_library@@QEAA@IIII@Z@4HA 0000000180080ea4     cap.obj
 0004:00002eb0       $pdata$?catch$0@?0???0?$CImg@G@cimg_library@@QEAA@IIII@Z@4HA 0000000180080eb0     cap.obj
 0004:00002ebc       $pdata$?catch$0@?0??assign@?$CImg@D@cimg_library@@QEAAAEAU12@IIII@Z@4HA 0000000180080ebc     cap.obj
 0004:00002ec8       $pdata$?catch$0@?0???0?$CImg@D@cimg_library@@QEAA@QEBDIIII_N@Z@4HA 0000000180080ec8     cap.obj
 0004:00002ed4       $pdata$?catch$0@?0???0?$CImg@D@cimg_library@@QEAA@AEBU01@@Z@4HA 0000000180080ed4     cap.obj
 0004:00002ee0       $pdata$?catch$0@?0???0?$CImg@D@cimg_library@@QEAA@AEBU01@_N@Z@4HA 0000000180080ee0     cap.obj
 0004:00002eec       $pdata$?catch$0@?0???0?$CImg@M@cimg_library@@QEAA@AEBU01@@Z@4HA 0000000180080eec     cap.obj
 0004:00002ef8       $pdata$?catch$0@?0??assign@?$CImg@E@cimg_library@@QEAAAEAU12@QEBEIIII@Z@4HA 0000000180080ef8     cap.obj
 0004:00002f04       $pdata$?catch$0@?0???0?$CImg@M@cimg_library@@QEAA@AEBU01@_N@Z@4HA 0000000180080f04     cap.obj
 0004:00002f10       $pdata$?catch$0@?0??assign@?$CImg@M@cimg_library@@QEAAAEAU12@IIII@Z@4HA 0000000180080f10     cap.obj
 0004:00002f1c       $pdata$?catch$0@?0??assign@?$CImg@M@cimg_library@@QEAAAEAU12@QEBMIIII@Z@4HA 0000000180080f1c     cap.obj
 0004:00002f28       $pdata$__scrt_is_nonwritable_in_current_image$filt$0 0000000180080f28     LIBCMT:utility.obj
 0004:00002f34       $pdata$?fin$0@?0??dllmain_crt_process_attach@@YAHQEAUHINSTANCE__@@QEAX@Z@4HA 0000000180080f34     LIBCMT:dll_dllmain.obj
 0004:00002f40       $pdata$?fin$0@?0??dllmain_crt_process_detach@@YAH_N@Z@4HA 0000000180080f40     LIBCMT:dll_dllmain.obj
 0004:00002f4c       $pdata$?filt$0@?0??dllmain_dispatch@@YAHQEAUHINSTANCE__@@KQEAX@Z@4HA 0000000180080f4c     LIBCMT:dll_dllmain.obj
 0004:00002f58       $pdata$fputc$fin$0         0000000180080f58     libucrt:fputc.obj
 0004:00002f64       $pdata$?fin$0@?0???$common_fsopen@D@@YAPEAU_iobuf@@QEBD0H@Z@4HA 0000000180080f64     libucrt:fopen.obj
 0004:00002f70       $pdata$fclose$fin$0        0000000180080f70     libucrt:fclose.obj
 0004:00002f7c       $pdata$?fin$0@?0???$?RV<lambda_aa279a7bcb127014629d5b1d62c7325d>@@AEAV<lambda_0a64b6a4deda75c01876f29c44fc5eb3>@@V<lambda_3323e69fbefe9d1a11713e670d47cdfa>@@@?$__crt_seh_guarded_call@H@@QEAAH$$QEAV<lambda_aa279a7bcb127014629d5b1d62c7325d>@@AEAV<lambda_0a64b6a4deda75c01876f29c44fc5eb3>@@$$QEAV<lambda_3323e69fbefe9d1a11713e670d47cdfa>@@@Z@4HA 0000000180080f7c     libucrt:output.obj
 0004:00002f7c       $pdata$?fin$0@?0???$?RV<lambda_5d4c3fee44080f75d5d9762853974fe0>@@AEAV<lambda_532e024f4337e6fc7ad266c2bef9f4ed>@@V<lambda_c87bdc10097eb2402edb8ba9bdf0697b>@@@?$__crt_seh_guarded_call@_K@@QEAA_K$$QEAV<lambda_5d4c3fee44080f75d5d9762853974fe0>@@AEAV<lambda_532e024f4337e6fc7ad266c2bef9f4ed>@@$$QEAV<lambda_c87bdc10097eb2402edb8ba9bdf0697b>@@@Z@4HA 0000000180080f7c     libucrt:fwrite.obj
 0004:00002f88       $pdata$?fin$0@?0???$common_dupenv_s@D@@YAHQEAPEADQEA_KQEBDH2H@Z@4HA 0000000180080f88     libucrt:getenv.obj
 0004:00002f94       $pdata$?fin$0@?0???$common_getenv@D@@YAPEADQEBD@Z@4HA 0000000180080f94     libucrt:getenv.obj
 0004:00002fa0       $pdata$_query_new_handler$fin$0 0000000180080fa0     libucrt:new_handler.obj
 0004:00002fac       $pdata$?filt$0@?0??common_exit@@YAXHW4_crt_exit_cleanup_mode@@W4_crt_exit_return_mode@@@Z@4HA 0000000180080fac     libucrt:exit.obj
 0004:00002fb8       $pdata$?fin$1@?0??common_exit@@YAXHW4_crt_exit_cleanup_mode@@W4_crt_exit_return_mode@@@Z@4HA 0000000180080fb8     libucrt:exit.obj
 0004:00002fc4       $pdata$?fin$0@?0???$?RV<lambda_72d1df2b273a38828b1ce30cbf4cdab5>@@AEAV<lambda_876a65b173b8412d3a47c70a915b0cf4>@@V<lambda_41932305e351933ebe8f8be3ed8bb5dc>@@@?$__crt_seh_guarded_call@X@@QEAAX$$QEAV<lambda_72d1df2b273a38828b1ce30cbf4cdab5>@@AEAV<lambda_876a65b173b8412d3a47c70a915b0cf4>@@$$QEAV<lambda_41932305e351933ebe8f8be3ed8bb5dc>@@@Z@4HA 0000000180080fc4     libucrt:per_thread_data.obj
 0004:00002fc4       $pdata$?fin$0@?0???$?RV<lambda_5e887d1dcbef67a5eb4283622ba103bf>@@AEAV<lambda_4466841279450cc726390878d4a41900>@@V<lambda_341c25c0346d94847f1f3c463c57e077>@@@?$__crt_seh_guarded_call@X@@QEAAX$$QEAV<lambda_5e887d1dcbef67a5eb4283622ba103bf>@@AEAV<lambda_4466841279450cc726390878d4a41900>@@$$QEAV<lambda_341c25c0346d94847f1f3c463c57e077>@@@Z@4HA 0000000180080fc4     libucrt:per_thread_data.obj
 0004:00002fc4       $pdata$?fin$0@?0???$?RV<lambda_c36588078e9f5dfd39652860aa6b3aaf>@@AEAV<lambda_ec61778202f4f5fc7e7711acc23c3bca>@@V<lambda_dc9d2797ccde5d239b4a0efae8ebd7db>@@@?$__crt_seh_guarded_call@P6AXH@Z@@QEAAP6AXH@Z$$QEAV<lambda_c36588078e9f5dfd39652860aa6b3aaf>@@AEAV<lambda_ec61778202f4f5fc7e7711acc23c3bca>@@$$QEAV<lambda_dc9d2797ccde5d239b4a0efae8ebd7db>@@@Z@4HA 0000000180080fc4     libucrt:signal.obj
 0004:00002fc4       $pdata$?fin$0@?0???$?RV<lambda_b8c45f8f788dd370798f47cfe8ac3a86>@@AEAV<lambda_4e60a939b0d047cfe11ddc22648dfba9>@@V<lambda_332c3edc96d0294ec56c57d38c1cdfd5>@@@?$__crt_seh_guarded_call@H@@QEAAH$$QEAV<lambda_b8c45f8f788dd370798f47cfe8ac3a86>@@AEAV<lambda_4e60a939b0d047cfe11ddc22648dfba9>@@$$QEAV<lambda_332c3edc96d0294ec56c57d38c1cdfd5>@@@Z@4HA 0000000180080fc4     libucrt:onexit.obj
 0004:00002fc4       $pdata$?fin$0@?0???$?RV<lambda_fb3a7dec4e47f37f22dae91bb15c9095>@@AEAV<lambda_698284760c8add0bfb0756c19673e34b>@@V<lambda_dfb8eca1e75fef3034a8fb18dd509707>@@@?$__crt_seh_guarded_call@X@@QEAAX$$QEAV<lambda_fb3a7dec4e47f37f22dae91bb15c9095>@@AEAV<lambda_698284760c8add0bfb0756c19673e34b>@@$$QEAV<lambda_dfb8eca1e75fef3034a8fb18dd509707>@@@Z@4HA 0000000180080fc4     libucrt:per_thread_data.obj
 0004:00002fc4       $pdata$?fin$0@?0???$?RV<lambda_99476a1ad63dd22509b5d3e65b0ffc95>@@AEAV<lambda_ad1ced32f4ac17aa236e5ef05d6b3b7c>@@V<lambda_f7424dd8d45958661754dc4f2697e9c3>@@@?$__crt_seh_guarded_call@X@@QEAAX$$QEAV<lambda_99476a1ad63dd22509b5d3e65b0ffc95>@@AEAV<lambda_ad1ced32f4ac17aa236e5ef05d6b3b7c>@@$$QEAV<lambda_f7424dd8d45958661754dc4f2697e9c3>@@@Z@4HA 0000000180080fc4     libucrt:mbctype.obj
 0004:00002fc4       $pdata$?fin$0@?0???$?RV<lambda_fb01e4b6cb0b58be62120d2a518119ce>@@AEAV<lambda_45edfab556fcff821d8a41c06e3d46c0>@@V<lambda_8a9bf702b7f902ca2f9107a173e0fbe3>@@@?$__crt_seh_guarded_call@_N@@QEAA_N$$QEAV<lambda_fb01e4b6cb0b58be62120d2a518119ce>@@AEAV<lambda_45edfab556fcff821d8a41c06e3d46c0>@@$$QEAV<lambda_8a9bf702b7f902ca2f9107a173e0fbe3>@@@Z@4HA 0000000180080fc4     libucrt:spawnv.obj
 0004:00002fc4       $pdata$?fin$0@?0???$?RV<lambda_46352004c1216016012b18bd6f87e700>@@AEAV<lambda_3bd07e1a1191394380780325891bf33f>@@V<lambda_334532d3f185bcaa59b5be82d7d22bff>@@@?$__crt_seh_guarded_call@X@@QEAAX$$QEAV<lambda_46352004c1216016012b18bd6f87e700>@@AEAV<lambda_3bd07e1a1191394380780325891bf33f>@@$$QEAV<lambda_334532d3f185bcaa59b5be82d7d22bff>@@@Z@4HA 0000000180080fc4     libucrt:per_thread_data.obj
 0004:00002fd0       $pdata$?fin$0@?0???$?RV<lambda_e24bbb7b643b32fcea6fa61b31d4c984>@@AEAV<lambda_275893d493268fdec8709772e3fcec0e>@@V<lambda_9d71df4d7cf3f480f8d633942495c3b0>@@@?$__crt_seh_guarded_call@H@@QEAAH$$QEAV<lambda_e24bbb7b643b32fcea6fa61b31d4c984>@@AEAV<lambda_275893d493268fdec8709772e3fcec0e>@@$$QEAV<lambda_9d71df4d7cf3f480f8d633942495c3b0>@@@Z@4HA 0000000180080fd0     libucrt:onexit.obj
 0004:00002fdc       $pdata$?fin$0@?0??__acrt_stdio_allocate_stream@@YA?AV__crt_stdio_stream@@XZ@4HA 0000000180080fdc     libucrt:stream.obj
 0004:00002fdc       $pdata$_fcloseall$fin$0    0000000180080fdc     libucrt:closeall.obj
 0004:00002fe8       $pdata$common_flush_all$fin$0 0000000180080fe8     libucrt:fflush.obj
 0004:00002ff4       $pdata$common_flush_all$fin$1 0000000180080ff4     libucrt:fflush.obj
 0004:00003000       $pdata$__acrt_initialize_lowio$fin$0 0000000180081000     libucrt:ioinit.obj
 0004:00003000       $pdata$__acrt_lowio_ensure_fh_exists$fin$0 0000000180081000     libucrt:osfinfo.obj
 0004:00003000       $pdata$_alloc_osfhnd$fin$0 0000000180081000     libucrt:osfinfo.obj
 0004:0000300c       $pdata$__acrt_update_thread_multibyte_data$fin$0 000000018008100c     libucrt:mbctype.obj
 0004:00003018       $pdata$raise$fin$0         0000000180081018     libucrt:signal.obj
 0004:00003024       $pdata$_write$fin$0        0000000180081024     libucrt:write.obj
 0004:00003024       $pdata$_setmode$fin$0      0000000180081024     libucrt:setmode.obj
 0004:00003024       $pdata$?fin$0@?0???$common_lseek@_J@@YA_JH_JH@Z@4HA 0000000180081024     libucrt:lseek.obj
 0004:00003030       $pdata$__acrt_uninitialize_locale$fin$0 0000000180081030     libucrt:wsetlocale.obj
 0004:00003030       $pdata$__acrt_update_thread_locale_data$fin$0 0000000180081030     libucrt:locale_refcounting.obj
 0004:0000303c       $pdata$?fin$0@?0???$common_sopen_dispatch@D@@YAHQEBDHHHQEAHH@Z@4HA 000000018008103c     libucrt:open.obj
 0004:00003048       $pdata$?fin$0@?0???$?RV<lambda_b521505b218e5242e90febf6bfebc422>@@AEAV<lambda_6978c1fb23f02e42e1d9e99668cc68aa>@@V<lambda_314360699dd331753a4119843814e9a7>@@@?$__crt_seh_guarded_call@H@@QEAAH$$QEAV<lambda_b521505b218e5242e90febf6bfebc422>@@AEAV<lambda_6978c1fb23f02e42e1d9e99668cc68aa>@@$$QEAV<lambda_314360699dd331753a4119843814e9a7>@@@Z@4HA 0000000180081048     libucrt:commit.obj
 0004:00003048       $pdata$?fin$0@?0???$?RV<lambda_bfedae4ebbf01fab1bb6dcc6a9e276e0>@@AEAV<lambda_2fe9b910cf3cbf4a0ab98a02ba45b3ec>@@V<lambda_237c231691f317818eb88cc1d5d642d6>@@@?$__crt_seh_guarded_call@H@@QEAAH$$QEAV<lambda_bfedae4ebbf01fab1bb6dcc6a9e276e0>@@AEAV<lambda_2fe9b910cf3cbf4a0ab98a02ba45b3ec>@@$$QEAV<lambda_237c231691f317818eb88cc1d5d642d6>@@@Z@4HA 0000000180081048     libucrt:close.obj
 0004:00003054       $pdata$common_control87$filt$0 0000000180081054     libucrt:ieee.obj
 0004:00003054       $pdata$_ctrlfp$filt$0      0000000180081054     libucrt:fpctrl.obj
 0004:00003060       $pdata$_IsNonwritableInCurrentImage$filt$0 0000000180081060     LIBCMT:pesect.obj
 0004:0000306c       $pdata$_CallSETranslator$filt$0 000000018008106c     libvcruntime:trnsctrl.obj
 0004:00003078       $pdata$__CxxCallCatchBlock$filt$0 0000000180081078     libvcruntime:frame.obj
 0004:00003084       $pdata$__CxxCallCatchBlock$fin$1 0000000180081084     libvcruntime:frame.obj
 0004:00003090       $pdata$__DestructExceptionObject$filt$0 0000000180081090     libvcruntime:frame.obj
 0004:0000309c       $pdata$__FrameUnwindToState$filt$0 000000018008109c     libvcruntime:frame.obj
 0004:000030a8       $pdata$__FrameUnwindToState$fin$1 00000001800810a8     libvcruntime:frame.obj
 0004:000030b4       $pdata$??__Ftext@img_obj@@YAXXZ 00000001800810b4     cap.obj
 0004:000030c0       $pdata$??__Ffilename@img_obj@@YAXXZ 00000001800810c0     cap.obj
 0005:00000000       __guard_fids__             0000000180082000     libucrt:initialization.obj
 0005:00000060       __guard_fids___acrt_initialize_ptd 0000000180082060     libucrt:per_thread_data.obj
 0005:00000064       __guard_fids__             0000000180082064     libucrt:stdio_initializer.obj
 0005:00000068       __guard_fids__             0000000180082068     libucrt:stdio_initializer.obj
 0005:0000006c       __guard_fids_??$expand_argument_wildcards@D@@YAHQEAD0AEAV?$argument_list@D@?A0xca0879c4@@@Z 000000018008206c     libucrt:argv_wildcards.obj
 0005:00000070       __guard_fids__             0000000180082070     libucrt:locale_initializer.obj
 0005:00000074       __guard_fids__             0000000180082074     libucrt:multibyte_initializer.obj
 0005:00000078       __guard_fids__             0000000180082078     libucrt:console_output_initializer.obj
 0005:0000007c       __guard_fids__             000000018008207c     libucrt:fma3_initializer.obj
 0005:00000080       __guard_fids__             0000000180082080     libcpmt:xthrow.obj
 0005:00000088       __guard_fids__             0000000180082088     libcpmt:xthrow.obj
 0005:00000090       __guard_fids__             0000000180082090     libcpmt:xthrow.obj
 0005:00000098       __guard_fids__             0000000180082098     libcpmt:xthrow.obj
 0005:000000a0       __guard_fids__             00000001800820a0     libcpmt:xthrow.obj
 0005:000000a8       __guard_fids__             00000001800820a8     LIBCMT:thread_safe_statics.obj
 0005:000000ac       __guard_fids_?__scrt_initialize_thread_safe_statics@@YAHXZ 00000001800820ac     LIBCMT:thread_safe_statics.obj
 0005:000000b0       __guard_fids__             00000001800820b0     LIBCMT:std_type_info_static.obj
 0005:000000b4       __guard_fids_?dllmain_crt_process_attach@@YAHQEAUHINSTANCE__@@QEAX@Z 00000001800820b4     LIBCMT:dll_dllmain.obj
 0005:000000bc       __guard_fids_?dllmain_dispatch@@YAHQEAUHINSTANCE__@@KQEAX@Z 00000001800820bc     LIBCMT:dll_dllmain.obj
 0005:000000c0       __guard_fids__             00000001800820c0     LIBCMT:throw_bad_alloc.obj
 0005:000000c8       __guard_fids__             00000001800820c8     LIBCMT:guard_support.obj
 0005:000000cc       __guard_fids___vcrt_initialize_ptd 00000001800820cc     libvcruntime:per_thread_data.obj
 0005:000000d0       __guard_fids__UnwindNestedFrames 00000001800820d0     libvcruntime:trnsctrl.obj
 0005:000000d4       __guard_fids__             00000001800820d4     libvcruntime:frame.obj
 0005:000000d8       __guard_fids__             00000001800820d8     libvcruntime:frame.obj
 0007:00000060       $R000000                   0000000180084060     * linker generated manifest res *

 Exports

  ordinal    name

        1    _register_hcaptha_
